Component: ARM Compiler 6.14.1 Tool: armlink [5db06d00]

==============================================================================

Section Cross References

    startup_stm32f103xb.o(STACK) refers (Special) to heapauxi.o(.text) for __use_two_region_memory
    startup_stm32f103xb.o(HEAP) refers (Special) to heapauxi.o(.text) for __use_two_region_memory
    startup_stm32f103xb.o(RESET) refers (Special) to heapauxi.o(.text) for __use_two_region_memory
    startup_stm32f103xb.o(RESET) refers to startup_stm32f103xb.o(STACK) for __initial_sp
    startup_stm32f103xb.o(RESET) refers to startup_stm32f103xb.o(.text) for Reset_Handler
    startup_stm32f103xb.o(RESET) refers to stm32f1xx_it.o(.text.NMI_Handler) for NMI_Handler
    startup_stm32f103xb.o(RESET) refers to stm32f1xx_it.o(.text.HardFault_Handler) for HardFault_Handler
    startup_stm32f103xb.o(RESET) refers to stm32f1xx_it.o(.text.MemManage_Handler) for MemManage_Handler
    startup_stm32f103xb.o(RESET) refers to stm32f1xx_it.o(.text.BusFault_Handler) for BusFault_Handler
    startup_stm32f103xb.o(RESET) refers to stm32f1xx_it.o(.text.UsageFault_Handler) for UsageFault_Handler
    startup_stm32f103xb.o(RESET) refers to port.o(.text.SVC_Handler) for SVC_Handler
    startup_stm32f103xb.o(RESET) refers to stm32f1xx_it.o(.text.DebugMon_Handler) for DebugMon_Handler
    startup_stm32f103xb.o(RESET) refers to port.o(.text.PendSV_Handler) for PendSV_Handler
    startup_stm32f103xb.o(RESET) refers to port.o(.text.SysTick_Handler) for SysTick_Handler
    startup_stm32f103xb.o(RESET) refers to stm32f1xx_it.o(.text.DMA1_Channel5_IRQHandler) for DMA1_Channel5_IRQHandler
    startup_stm32f103xb.o(RESET) refers to stm32f1xx_it.o(.text.TIM1_UP_IRQHandler) for TIM1_UP_IRQHandler
    startup_stm32f103xb.o(RESET) refers to stm32f1xx_it.o(.text.USART1_IRQHandler) for USART1_IRQHandler
    startup_stm32f103xb.o(.text) refers (Special) to heapauxi.o(.text) for __use_two_region_memory
    startup_stm32f103xb.o(.text) refers to system_stm32f1xx.o(.text.SystemInit) for SystemInit
    startup_stm32f103xb.o(.text) refers to __main.o(!!!main) for __main
    startup_stm32f103xb.o(.text) refers to startup_stm32f103xb.o(HEAP) for Heap_Mem
    startup_stm32f103xb.o(.text) refers to startup_stm32f103xb.o(STACK) for Stack_Mem
    main.o(.text.main) refers to stm32f1xx_hal.o(.text.HAL_Init) for HAL_Init
    main.o(.text.main) refers to main.o(.text.SystemClock_Config) for SystemClock_Config
    main.o(.text.main) refers to gpio.o(.text.MX_GPIO_Init) for MX_GPIO_Init
    main.o(.text.main) refers to dma.o(.text.MX_DMA_Init) for MX_DMA_Init
    main.o(.text.main) refers to spi.o(.text.MX_SPI1_Init) for MX_SPI1_Init
    main.o(.text.main) refers to usart.o(.text.MX_USART1_UART_Init) for MX_USART1_UART_Init
    main.o(.text.main) refers to can.o(.text.MX_CAN_Init) for MX_CAN_Init
    main.o(.text.main) refers to can.o(.bss.hcan) for hcan
    main.o(.text.main) refers to stm32f1xx_hal_can.o(.text.HAL_CAN_Start) for HAL_CAN_Start
    main.o(.text.main) refers to main.o(.bss.xTX_NRF_TaskHandle) for xTX_NRF_TaskHandle
    main.o(.text.main) refers to main.o(.text.vTX_NRF_TaskHandler) for vTX_NRF_TaskHandler
    main.o(.text.main) refers to tasks.o(.text.xTaskCreate) for xTaskCreate
    main.o(.text.main) refers to main.o(.bss.xTX_NRF_Init_TaskHandle) for xTX_NRF_Init_TaskHandle
    main.o(.text.main) refers to main.o(.text.vTX_NRF_Init_TaskHandler) for vTX_NRF_Init_TaskHandler
    main.o(.text.main) refers to main.o(.bss.xTX_CAN_RX_TaskHandle) for xTX_CAN_RX_TaskHandle
    main.o(.text.main) refers to main.o(.rodata.str1.1) for .L.str.2
    main.o(.text.main) refers to main.o(.text.vTX_CAN_RX_TaskHandler) for vTX_CAN_RX_TaskHandler
    main.o(.text.main) refers to main.o(.bss.xTX_NRF_State_TaskHandle) for xTX_NRF_State_TaskHandle
    main.o(.text.main) refers to main.o(.text.vTX_NRF_State_TaskHandler) for vTX_NRF_State_TaskHandler
    main.o(.text.main) refers to queue.o(.text.xQueueGenericCreate) for xQueueGenericCreate
    main.o(.text.main) refers to main.o(.bss.xCAN_QueueHandle) for xCAN_QueueHandle
    main.o(.text.main) refers to tasks.o(.text.vTaskStartScheduler) for vTaskStartScheduler
    main.o(.ARM.exidx.text.main) refers to main.o(.text.main) for [Anonymous Symbol]
    main.o(.text.SystemClock_Config) refers to rt_memclr_w.o(.text) for __aeabi_memclr4
    main.o(.text.SystemClock_Config) refers to stm32f1xx_hal_rcc.o(.text.HAL_RCC_OscConfig) for HAL_RCC_OscConfig
    main.o(.text.SystemClock_Config) refers to stm32f1xx_hal_rcc.o(.text.HAL_RCC_ClockConfig) for HAL_RCC_ClockConfig
    main.o(.text.SystemClock_Config) refers to main.o(.text.Error_Handler) for Error_Handler
    main.o(.ARM.exidx.text.SystemClock_Config) refers to main.o(.text.SystemClock_Config) for [Anonymous Symbol]
    main.o(.text.vTX_NRF_TaskHandler) refers to main.o(.bss.xCAN_QueueHandle) for xCAN_QueueHandle
    main.o(.text.vTX_NRF_TaskHandler) refers to queue.o(.text.xQueueReceive) for xQueueReceive
[...]
    prvCheckTasksWaitingTermination          0x08002f25   Thumb Code    78  tasks.o(.text.prvCheckTasksWaitingTermination)
    [Anonymous Symbol]                       0x08002f24   Section        0  tasks.o(.text.prvCheckTasksWaitingTermination)
    prvCopyDataFromQueue                     0x08002f75   Thumb Code    38  queue.o(.text.prvCopyDataFromQueue)
    [Anonymous Symbol]                       0x08002f74   Section        0  queue.o(.text.prvCopyDataFromQueue)
    prvCopyDataToQueue                       0x08002f9d   Thumb Code   122  queue.o(.text.prvCopyDataToQueue)
    [Anonymous Symbol]                       0x08002f9c   Section        0  queue.o(.text.prvCopyDataToQueue)
    prvDeleteTCB                             0x08003019   Thumb Code    18  tasks.o(.text.prvDeleteTCB)
    [Anonymous Symbol]                       0x08003018   Section        0  tasks.o(.text.prvDeleteTCB)
    prvGetNextExpireTime                     0x0800302d   Thumb Code    32  timers.o(.text.prvGetNextExpireTime)
    [Anonymous Symbol]                       0x0800302c   Section        0  timers.o(.text.prvGetNextExpireTime)
    prvIdleTask                              0x0800304d   Thumb Code    42  tasks.o(.text.prvIdleTask)
    [Anonymous Symbol]                       0x0800304c   Section        0  tasks.o(.text.prvIdleTask)
    prvInitialiseNewQueue                    0x08003079   Thumb Code    32  queue.o(.text.prvInitialiseNewQueue)
    [Anonymous Symbol]                       0x08003078   Section        0  queue.o(.text.prvInitialiseNewQueue)
    prvInitialiseNewTask                     0x08003099   Thumb Code   134  tasks.o(.text.prvInitialiseNewTask)
    [Anonymous Symbol]                       0x08003098   Section        0  tasks.o(.text.prvInitialiseNewTask)
    prvInitialiseTaskLists                   0x08003121   Thumb Code   112  tasks.o(.text.prvInitialiseTaskLists)
    [Anonymous Symbol]                       0x08003120   Section        0  tasks.o(.text.prvInitialiseTaskLists)
    prvInsertTimerInActiveList               0x08003191   Thumb Code    64  timers.o(.text.prvInsertTimerInActiveList)
    [Anonymous Symbol]                       0x08003190   Section        0  timers.o(.text.prvInsertTimerInActiveList)
    prvIsQueueEmpty                          0x080031d1   Thumb Code    24  queue.o(.text.prvIsQueueEmpty)
    [Anonymous Symbol]                       0x080031d0   Section        0  queue.o(.text.prvIsQueueEmpty)
    prvIsQueueFull                           0x080031e9   Thumb Code    28  queue.o(.text.prvIsQueueFull)
    [Anonymous Symbol]                       0x080031e8   Section        0  queue.o(.text.prvIsQueueFull)
    prvPortStartFirstTask                    0x08003205   Thumb Code    32  port.o(.text.prvPortStartFirstTask)
    [Anonymous Symbol]                       0x08003204   Section        0  port.o(.text.prvPortStartFirstTask)
    prvProcessExpiredTimer                   0x08003225   Thumb Code    62  timers.o(.text.prvProcessExpiredTimer)
    [Anonymous Symbol]                       0x08003224   Section        0  timers.o(.text.prvProcessExpiredTimer)
    prvProcessReceivedCommands               0x08003265   Thumb Code   250  timers.o(.text.prvProcessReceivedCommands)
    [Anonymous Symbol]                       0x08003264   Section        0  timers.o(.text.prvProcessReceivedCommands)
    prvProcessTimerOrBlockTask               0x08003361   Thumb Code   128  timers.o(.text.prvProcessTimerOrBlockTask)
    [Anonymous Symbol]                       0x08003360   Section        0  timers.o(.text.prvProcessTimerOrBlockTask)
    prvReloadTimer                           0x080033e1   Thumb Code    58  timers.o(.text.prvReloadTimer)
    [Anonymous Symbol]                       0x080033e0   Section        0  timers.o(.text.prvReloadTimer)
    prvResetNextTaskUnblockTime              0x0800341d   Thumb Code    38  tasks.o(.text.prvResetNextTaskUnblockTime)
    [Anonymous Symbol]                       0x0800341c   Section        0  tasks.o(.text.prvResetNextTaskUnblockTime)
    prvSampleTimeNow                         0x08003445   Thumb Code    42  timers.o(.text.prvSampleTimeNow)
    [Anonymous Symbol]                       0x08003444   Section        0  timers.o(.text.prvSampleTimeNow)
    prvSwitchTimerLists                      0x08003471   Thumb Code    52  timers.o(.text.prvSwitchTimerLists)
    [Anonymous Symbol]                       0x08003470   Section        0  timers.o(.text.prvSwitchTimerLists)
    prvTaskExitError                         0x080034a5   Thumb Code    34  port.o(.text.prvTaskExitError)
    [Anonymous Symbol]                       0x080034a4   Section        0  port.o(.text.prvTaskExitError)
    prvTimerTask                             0x080034c9   Thumb Code    22  timers.o(.text.prvTimerTask)
    [Anonymous Symbol]                       0x080034c8   Section        0  timers.o(.text.prvTimerTask)
    prvUnlockQueue                           0x080034e1   Thumb Code   114  queue.o(.text.prvUnlockQueue)
    [Anonymous Symbol]                       0x080034e0   Section        0  queue.o(.text.prvUnlockQueue)
    [Anonymous Symbol]                       0x08003554   Section        0  heap_1.o(.text.pvPortMalloc)
    [Anonymous Symbol]                       0x080035c0   Section        0  port.o(.text.pxPortInitialiseStack)
    [Anonymous Symbol]                       0x080035e0   Section        0  list.o(.text.uxListRemove)
    [Anonymous Symbol]                       0x08003608   Section        0  list.o(.text.vListInitialise)
    [Anonymous Symbol]                       0x08003620   Section        0  list.o(.text.vListInitialiseItem)
    [Anonymous Symbol]                       0x08003628   Section        0  list.o(.text.vListInsert)
    [Anonymous Symbol]                       0x08003664   Section        0  list.o(.text.vListInsertEnd)
    [Anonymous Symbol]                       0x08003680   Section        0  port.o(.text.vPortEnterCritical)
    [Anonymous Symbol]                       0x080036a0   Section        0  port.o(.text.vPortExitCritical)
    [Anonymous Symbol]                       0x080036bc   Section        0  heap_1.o(.text.vPortFree)
    [Anonymous Symbol]                       0x080036c0   Section        0  port.o(.text.vPortSetupTimerInterrupt)
    [Anonymous Symbol]                       0x080036e0   Section        0  queue.o(.text.vQueueWaitForMessageRestricted)
    [Anonymous Symbol]                       0x08003724   Section        0  main.o(.text.vTX_CAN_RX_TaskHandler)
    [Anonymous Symbol]                       0x08003798   Section        0  main.o(.text.vTX_NRF_Init_TaskHandler)
    [Anonymous Symbol]                       0x080037cc   Section        0  main.o(.text.vTX_NRF_State_TaskHandler)
    [Anonymous Symbol]                       0x080037f8   Section        0  main.o(.text.vTX_NRF_TaskHandler)
    [Anonymous Symbol]                       0x0800382c   Section        0  tasks.o(.text.vTaskDelay)
    [Anonymous Symbol]                       0x08003860   Section        0  tasks.o(.text.vTaskDelete)
    [Anonymous Symbol]                       0x08003938   Section        0  tasks.o(.text.vTaskInternalSetTimeOutState)
    [Anonymous Symbol]                       0x08003954   Section        0  tasks.o(.text.vTaskMissedYield)
    [Anonymous Symbol]                       0x08003964   Section        0  tasks.o(.text.vTaskPlaceOnEventList)
    [Anonymous Symbol]                       0x08003984   Section        0  tasks.o(.text.vTaskPlaceOnEventListRestricted)
    [Anonymous Symbol]                       0x080039e0   Section        0  tasks.o(.text.vTaskStartScheduler)
    [Anonymous Symbol]                       0x08003a64   Section        0  tasks.o(.text.vTaskSuspendAll)
    __tagsym$$used.0                         0x08003a74   Number         0  tasks.o(.text.vTaskSwitchContext)
    [Anonymous Symbol]                       0x08003a74   Section        0  tasks.o(.text.vTaskSwitchContext)
    [Anonymous Symbol]                       0x08003ae0   Section        0  port.o(.text.xPortStartScheduler)
    [Anonymous Symbol]                       0x08003b1c   Section        0  queue.o(.text.xQueueGenericCreate)
    [Anonymous Symbol]                       0x08003b68   Section        0  queue.o(.text.xQueueGenericReset)
    [Anonymous Symbol]                       0x08003be8   Section        0  queue.o(.text.xQueueGenericSend)
    [Anonymous Symbol]                       0x08003d20   Section        0  queue.o(.text.xQueueReceive)
    [Anonymous Symbol]                       0x08003e48   Section        0  tasks.o(.text.xTaskCheckForTimeOut)
    [Anonymous Symbol]                       0x08003ea8   Section        0  tasks.o(.text.xTaskCreate)
    [Anonymous Symbol]                       0x08003f10   Section        0  tasks.o(.text.xTaskGetTickCount)
    [Anonymous Symbol]                       0x08003f1c   Section        0  tasks.o(.text.xTaskIncrementTick)
    [Anonymous Symbol]                       0x080040b4   Section        0  tasks.o(.text.xTaskPriorityDisinherit)
    [Anonymous Symbol]                       0x08004144   Section        0  tasks.o(.text.xTaskRemoveFromEventList)
    [Anonymous Symbol]                       0x08004228   Section        0  tasks.o(.text.xTaskResumeAll)
    [Anonymous Symbol]                       0x08004380   Section        0  timers.o(.text.xTimerCreateTimerTask)
    .L.str.2                                 0x080043e4   Data          12  main.o(.rodata.str1.1)
    [Anonymous Symbol]                       0x080043e4   Section        0  main.o(.rodata.str1.1)
    uxCriticalNesting                        0x20000010   Data           4  port.o(.data.uxCriticalNesting)
    [Anonymous Symbol]                       0x20000010   Section        0  port.o(.data.uxCriticalNesting)
    .bss                                     0x20000018   Section       96  libspace.o(.bss)
    prvSampleTimeNow.xLastTime               0x200001fc   Data           4  timers.o(.bss.prvSampleTimeNow.xLastTime)
    [Anonymous Symbol]                       0x200001fc   Section        0  timers.o(.bss.prvSampleTimeNow.xLastTime)
    pvPortMalloc.pucAlignedHeap              0x20000200   Data           4  heap_1.o(.bss.pvPortMalloc.pucAlignedHeap)
    [Anonymous Symbol]                       0x20000200   Section        0  heap_1.o(.bss.pvPortMalloc.pucAlignedHeap)
    __tagsym$$used.1                         0x20000204   Number         0  tasks.o(.bss.pxCurrentTCB)
    pxCurrentTimerList                       0x20000208   Data           4  timers.o(.bss.pxCurrentTimerList)
    [Anonymous Symbol]                       0x20000208   Section        0  timers.o(.bss.pxCurrentTimerList)
    pxDelayedTaskList                        0x2000020c   Data           4  tasks.o(.bss.pxDelayedTaskList)
    [Anonymous Symbol]                       0x2000020c   Section        0  tasks.o(.bss.pxDelayedTaskList)
    pxOverflowDelayedTaskList                0x20000210   Data           4  tasks.o(.bss.pxOverflowDelayedTaskList)
    [Anonymous Symbol]                       0x20000210   Section        0  tasks.o(.bss.pxOverflowDelayedTaskList)
    pxOverflowTimerList                      0x20000214   Data           4  timers.o(.bss.pxOverflowTimerList)
    [Anonymous Symbol]                       0x20000214   Section        0  timers.o(.bss.pxOverflowTimerList)
    pxReadyTasksLists                        0x20000218   Data         300  tasks.o(.bss.pxReadyTasksLists)
    [Anonymous Symbol]                       0x20000218   Section        0  tasks.o(.bss.pxReadyTasksLists)
    ucHeap                                   0x20000350   Data       17408  heap_1.o(.bss.ucHeap)
    [Anonymous Symbol]                       0x20000350   Section        0  heap_1.o(.bss.ucHeap)
    uxCurrentNumberOfTasks                   0x20004754   Data           4  tasks.o(.bss.uxCurrentNumberOfTasks)
    [Anonymous Symbol]                       0x20004754   Section        0  tasks.o(.bss.uxCurrentNumberOfTasks)
    uxDeletedTasksWaitingCleanUp             0x20004758   Data           4  tasks.o(.bss.uxDeletedTasksWaitingCleanUp)
    [Anonymous Symbol]                       0x20004758   Section        0  tasks.o(.bss.uxDeletedTasksWaitingCleanUp)
    uxSchedulerSuspended                     0x2000475c   Data           4  tasks.o(.bss.uxSchedulerSuspended)
    [Anonymous Symbol]                       0x2000475c   Section        0  tasks.o(.bss.uxSchedulerSuspended)
    uxTaskNumber                             0x20004760   Data           4  tasks.o(.bss.uxTaskNumber)
    [Anonymous Symbol]                       0x20004760   Section        0  tasks.o(.bss.uxTaskNumber)
    uxTopReadyPriority                       0x20004764   Data           4  tasks.o(.bss.uxTopReadyPriority)
    [Anonymous Symbol]                       0x20004764   Section        0  tasks.o(.bss.uxTopReadyPriority)
    xActiveTimerList1                        0x20004768   Data          20  timers.o(.bss.xActiveTimerList1)
    [Anonymous Symbol]                       0x20004768   Section        0  timers.o(.bss.xActiveTimerList1)
    xActiveTimerList2                        0x2000477c   Data          20  timers.o(.bss.xActiveTimerList2)
    [Anonymous Symbol]                       0x2000477c   Section        0  timers.o(.bss.xActiveTimerList2)
    xDelayedTaskList1                        0x20004794   Data          20  tasks.o(.bss.xDelayedTaskList1)
    [Anonymous Symbol]                       0x20004794   Section        0  tasks.o(.bss.xDelayedTaskList1)
    xDelayedTaskList2                        0x200047a8   Data          20  tasks.o(.bss.xDelayedTaskList2)
    [Anonymous Symbol]                       0x200047a8   Section        0  tasks.o(.bss.xDelayedTaskList2)
    xIdleTaskHandle                          0x200047bc   Data           4  tasks.o(.bss.xIdleTaskHandle)
    [Anonymous Symbol]                       0x200047bc   Section        0  tasks.o(.bss.xIdleTaskHandle)
    xNextFreeByte                            0x200047c0   Data           4  heap_1.o(.bss.xNextFreeByte)
    [Anonymous Symbol]                       0x200047c0   Section        0  heap_1.o(.bss.xNextFreeByte)
    xNextTaskUnblockTime                     0x200047c4   Data           4  tasks.o(.bss.xNextTaskUnblockTime)
    [Anonymous Symbol]                       0x200047c4   Section        0  tasks.o(.bss.xNextTaskUnblockTime)
    xNumOfOverflows                          0x200047c8   Data           4  tasks.o(.bss.xNumOfOverflows)
    [Anonymous Symbol]                       0x200047c8   Section        0  tasks.o(.bss.xNumOfOverflows)
    xPendedTicks                             0x200047cc   Data           4  tasks.o(.bss.xPendedTicks)
    [Anonymous Symbol]                       0x200047cc   Section        0  tasks.o(.bss.xPendedTicks)
    xPendingReadyList                        0x200047d0   Data          20  tasks.o(.bss.xPendingReadyList)
    [Anonymous Symbol]                       0x200047d0   Section        0  tasks.o(.bss.xPendingReadyList)
    xSchedulerRunning                        0x200047e4   Data           4  tasks.o(.bss.xSchedulerRunning)
    [Anonymous Symbol]                       0x200047e4   Section        0  tasks.o(.bss.xSchedulerRunning)
    xSuspendedTaskList                       0x200047e8   Data          20  tasks.o(.bss.xSuspendedTaskList)
    [Anonymous Symbol]                       0x200047e8   Section        0  tasks.o(.bss.xSuspendedTaskList)
    xTasksWaitingTermination                 0x2000480c   Data          20  tasks.o(.bss.xTasksWaitingTermination)
    [Anonymous Symbol]                       0x2000480c   Section        0  tasks.o(.bss.xTasksWaitingTermination)
    xTickCount                               0x20004820   Data           4  tasks.o(.bss.xTickCount)
    [Anonymous Symbol]                       0x20004820   Section        0  tasks.o(.bss.xTickCount)
    xTimerQueue                              0x20004824   Data           4  timers.o(.bss.xTimerQueue)
    [Anonymous Symbol]                       0x20004824   Section        0  timers.o(.bss.xTimerQueue)
    xTimerTaskHandle                         0x20004828   Data           4  timers.o(.bss.xTimerTaskHandle)
    [Anonymous Symbol]                       0x20004828   Section        0  timers.o(.bss.xTimerTaskHandle)
    xYieldPending                            0x2000482c   Data           4  tasks.o(.bss.xYieldPending)
    [Anonymous Symbol]                       0x2000482c   Section        0  tasks.o(.bss.xYieldPending)
    Heap_Mem                                 0x20004830   Data         512  startup_stm32f103xb.o(HEAP)
    HEAP                                     0x20004830   Section      512  startup_stm32f103xb.o(HEAP)
    Stack_Mem                                0x20004a30   Data        1024  startup_stm32f103xb.o(STACK)
    STACK                                    0x20004a30   Section     1024  startup_stm32f103xb.o(STACK)
    __initial_sp                             0x20004e30   Data           0  startup_stm32f103xb.o(STACK)

    Global Symbols

    Symbol Name                              Value     Ov Type        Size  Object(Section)

    BuildAttributes$$THM_ISAv4$P$D$K$B$S$PE$A:L22UL41UL21$X:L11$S22US41US21$IEEE1$IW$~IW$USESV6$~STKCKD$USESV7$~SHL$OTIME$ROPI$EBA8$UX$STANDARDLIB$REQ8$PRES8$EABIv2 0x00000000   Number         0  anon$$obj.o ABSOLUTE
    __fp_init_empty                          0x00000000   Number         0  fpinit_empty.o ABSOLUTE
    __ARM_exceptions_init                     - Undefined Weak Reference
    __alloca_initialize                       - Undefined Weak Reference
    __arm_preinit_                            - Undefined Weak Reference
    __cpp_initialize__aeabi_                  - Undefined Weak Reference
    __cxa_finalize                            - Undefined Weak Reference
    __rt_locale                               - Undefined Weak Reference
    __sigvec_lookup                           - Undefined Weak Reference
    _atexit_init                              - Undefined Weak Reference
    _call_atexit_fns                          - Undefined Weak Reference
    _clock_init                               - Undefined Weak Reference
    _fp_trap_init                             - Undefined Weak Reference
    _fp_trap_shutdown                         - Undefined Weak Reference
    _get_lc_collate                           - Undefined Weak Reference
    _get_lc_ctype                             - Undefined Weak Reference
    _get_lc_monetary                          - Undefined Weak Reference
    _get_lc_numeric                           - Undefined Weak Reference
    _get_lc_time                              - Undefined Weak Reference
    _getenv_init                              - Undefined Weak Reference
    _handle_redirection                       - Undefined Weak Reference
    _init_alloc                               - Undefined Weak Reference
    _init_user_alloc                          - Undefined Weak Reference
    _initio                                   - Undefined Weak Reference
    _rand_init                                - Undefined Weak Reference
    _signal_finish                            - Undefined Weak Reference
    _signal_init                              - Undefined Weak Reference
    _terminate_alloc                          - Undefined Weak Reference
    _terminate_user_alloc                     - Undefined Weak Reference
    _terminateio                              - Undefined Weak Reference
    __Vectors_Size                           0x000000ec   Number         0  startup_stm32f103xb.o ABSOLUTE
    __Vectors                                0x08000000   Data           4  startup_stm32f103xb.o(RESET)
    __Vectors_End                            0x080000ec   Data           0  startup_stm32f103xb.o(RESET)
    __main                                   0x080000ed   Thumb Code     8  __main.o(!!!main)
    __scatterload                            0x080000f5   Thumb Code     0  __scatter.o(!!!scatter)
    __scatterload_rt2                        0x080000f5   Thumb Code    44  __scatter.o(!!!scatter)
    __scatterload_rt2_thumb_only             0x080000f5   Thumb Code     0  __scatter.o(!!!scatter)
    __scatterload_null                       0x08000103   Thumb Code     0  __scatter.o(!!!scatter)
    __scatterload_copy                       0x08000129   Thumb Code    26  __scatter_copy.o(!!handler_copy)
    __scatterload_zeroinit                   0x08000145   Thumb Code    28  __scatter_zi.o(!!handler_zi)
    __rt_lib_init                            0x08000161   Thumb Code     0  libinit.o(.ARM.Collect$$libinit$$00000000)
    __rt_lib_init_alloca_1                   0x08000163   Thumb Code     0  libinit2.o(.ARM.Collect$$libinit$$0000002E)
    __rt_lib_init_argv_1                     0x08000163   Thumb Code     0  libinit2.o(.ARM.Collect$$libinit$$0000002C)
    __rt_lib_init_atexit_1                   0x08000163   Thumb Code     0  libinit2.o(.ARM.Collect$$libinit$$0000001B)
    __rt_lib_init_clock_1                    0x08000163   Thumb Code     0  libinit2.o(.ARM.Collect$$libinit$$00000021)
    __rt_lib_init_cpp_1                      0x08000163   Thumb Code     0  libinit2.o(.ARM.Collect$$libinit$$00000032)
    __rt_lib_init_exceptions_1               0x08000163   Thumb Code     0  libinit2.o(.ARM.Collect$$libinit$$00000030)
    __rt_lib_init_fp_1                       0x08000163   Thumb Code     0  libinit2.o(.ARM.Collect$$libinit$$00000002)
    __rt_lib_init_fp_trap_1                  0x08000163   Thumb Code     0  libinit2.o(.ARM.Collect$$libinit$$0000001F)
    __rt_lib_init_getenv_1                   0x08000163   Thumb Code     0  libinit2.o(.ARM.Collect$$libinit$$00000023)
    __rt_lib_init_heap_1                     0x08000163   Thumb Code     0  libinit2.o(.ARM.Collect$$libinit$$0000000A)
    __rt_lib_init_lc_collate_1               0x08000163   Thumb Code     0  libinit2.o(.ARM.Collect$$libinit$$00000011)
    __rt_lib_init_lc_ctype_1                 0x08000163   Thumb Code     0  libinit2.o(.ARM.Collect$$libinit$$00000013)
    __rt_lib_init_lc_monetary_1              0x08000163   Thumb Code     0  libinit2.o(.ARM.Collect$$libinit$$00000015)
    __rt_lib_init_lc_numeric_1               0x08000163   Thumb Code     0  libinit2.o(.ARM.Collect$$libinit$$00000017)
    __rt_lib_init_lc_time_1                  0x08000163   Thumb Code     0  libinit2.o(.ARM.Collect$$libinit$$00000019)
    __rt_lib_init_preinit_1                  0x08000163   Thumb Code     0  libinit2.o(.ARM.Collect$$libinit$$00000004)
    __rt_lib_init_rand_1                     0x08000163   Thumb Code     0  libinit2.o(.ARM.Collect$$libinit$$0000000E)
    __rt_lib_init_return                     0x08000163   Thumb Code     0  libinit2.o(.ARM.Collect$$libinit$$00000033)
    __rt_lib_init_signal_1                   0x08000163   Thumb Code     0  libinit2.o(.ARM.Collect$$libinit$$0000001D)
    __rt_lib_init_stdio_1                    0x08000163   Thumb Code     0  libinit2.o(.ARM.Collect$$libinit$$00000025)
    __rt_lib_init_user_alloc_1               0x08000163   Thumb Code     0  libinit2.o(.ARM.Collect$$libinit$$0000000C)
    __rt_lib_shutdown                        0x08000165   Thumb Code     0  libshutdown.o(.ARM.Collect$$libshutdown$$00000000)
    __rt_lib_shutdown_cpp_1                  0x08000167   Thumb Code     0  libshutdown2.o(.ARM.Collect$$libshutdown$$00000002)
    __rt_lib_shutdown_fp_trap_1              0x08000167   Thumb Code     0  libshutdown2.o(.ARM.Collect$$libshutdown$$00000007)
    __rt_lib_shutdown_heap_1                 0x08000167   Thumb Code     0  libshutdown2.o(.ARM.Collect$$libshutdown$$0000000F)
    __rt_lib_shutdown_return                 0x08000167   Thumb Code     0  libshutdown2.o(.ARM.Collect$$libshutdown$$00000010)
    __rt_lib_shutdown_signal_1               0x08000167   Thumb Code     0  libshutdown2.o(.ARM.Collect$$libshutdown$$0000000A)
    __rt_lib_shutdown_stdio_1                0x08000167   Thumb Code     0  libshutdown2.o(.ARM.Collect$$libshutdown$$00000004)
    __rt_lib_shutdown_user_alloc_1           0x08000167   Thumb Code     0  libshutdown2.o(.ARM.Collect$$libshutdown$$0000000C)
    __rt_entry                               0x08000169   Thumb Code     0  __rtentry.o(.ARM.Collect$$rtentry$$00000000)
    __rt_entry_presh_1                       0x08000169   Thumb Code     0  __rtentry2.o(.ARM.Collect$$rtentry$$00000002)
    __rt_entry_sh                            0x08000169   Thumb Code     0  __rtentry4.o(.ARM.Collect$$rtentry$$00000004)
    __rt_entry_li                            0x0800016f   Thumb Code     0  __rtentry2.o(.ARM.Collect$$rtentry$$0000000A)
    __rt_entry_postsh_1                      0x0800016f   Thumb Code     0  __rtentry2.o(.ARM.Collect$$rtentry$$00000009)
    __rt_entry_main                          0x08000173   Thumb Code     0  __rtentry2.o(.ARM.Collect$$rtentry$$0000000D)
    __rt_entry_postli_1                      0x08000173   Thumb Code     0  __rtentry2.o(.ARM.Collect$$rtentry$$0000000C)
    __rt_exit                                0x0800017b   Thumb Code     0  rtexit.o(.ARM.Collect$$rtexit$$00000000)
    __rt_exit_ls                             0x0800017d   Thumb Code     0  rtexit2.o(.ARM.Collect$$rtexit$$00000003)
    __rt_exit_prels_1                        0x0800017d   Thumb Code     0  rtexit2.o(.ARM.Collect$$rtexit$$00000002)
    __rt_exit_exit                           0x08000181   Thumb Code     0  rtexit2.o(.ARM.Collect$$rtexit$$00000004)
    Reset_Handler                            0x08000189   Thumb Code     8  startup_stm32f103xb.o(.text)
    ADC1_2_IRQHandler                        0x080001a3   Thumb Code     0  startup_stm32f103xb.o(.text)
    CAN1_RX1_IRQHandler                      0x080001a3   Thumb Code     0  startup_stm32f103xb.o(.text)
    CAN1_SCE_IRQHandler                      0x080001a3   Thumb Code     0  startup_stm32f103xb.o(.text)
    DMA1_Channel1_IRQHandler                 0x080001a3   Thumb Code     0  startup_stm32f103xb.o(.text)
    DMA1_Channel2_IRQHandler                 0x080001a3   Thumb Code     0  startup_stm32f103xb.o(.text)
    DMA1_Channel3_IRQHandler                 0x080001a3   Thumb Code     0  startup_stm32f103xb.o(.text)
    DMA1_Channel4_IRQHandler                 0x080001a3   Thumb Code     0  startup_stm32f103xb.o(.text)
    DMA1_Channel6_IRQHandler                 0x080001a3   Thumb Code     0  startup_stm32f103xb.o(.text)
    DMA1_Channel7_IRQHandler                 0x080001a3   Thumb Code     0  startup_stm32f103xb.o(.text)
    EXTI0_IRQHandler                         0x080001a3   Thumb Code     0  startup_stm32f103xb.o(.text)
    EXTI15_10_IRQHandler                     0x080001a3   Thumb Code     0  startup_stm32f103xb.o(.text)
    EXTI1_IRQHandler                         0x080001a3   Thumb Code     0  startup_stm32f103xb.o(.text)
    EXTI2_IRQHandler                         0x080001a3   Thumb Code     0  startup_stm32f103xb.o(.text)
    EXTI3_IRQHandler                         0x080001a3   Thumb Code     0  startup_stm32f103xb.o(.text)
    EXTI4_IRQHandler                         0x080001a3   Thumb Code     0  startup_stm32f103xb.o(.text)
    EXTI9_5_IRQHandler                       0x080001a3   Thumb Code     0  startup_stm32f103xb.o(.text)
    FLASH_IRQHandler                         0x080001a3   Thumb Code     0  startup_stm32f103xb.o(.text)
    I2C1_ER_IRQHandler                       0x080001a3   Thumb Code     0  startup_stm32f103xb.o(.text)
    I2C1_EV_IRQHandler                       0x080001a3   Thumb Code     0  startup_stm32f103xb.o(.text)
    I2C2_ER_IRQHandler                       0x080001a3   Thumb Code     0  startup_stm32f103xb.o(.text)
    I2C2_EV_IRQHandler                       0x080001a3   Thumb Code     0  startup_stm32f103xb.o(.text)
    PVD_IRQHandler                           0x080001a3   Thumb Code     0  startup_stm32f103xb.o(.text)
    RCC_IRQHandler                           0x080001a3   Thumb Code     0  startup_stm32f103xb.o(.text)
    RTC_Alarm_IRQHandler                     0x080001a3   Thumb Code     0  startup_stm32f103xb.o(.text)
    RTC_IRQHandler                           0x080001a3   Thumb Code     0  startup_stm32f103xb.o(.text)
    SPI1_IRQHandler                          0x080001a3   Thumb Code     0  startup_stm32f103xb.o(.text)
    SPI2_IRQHandler                          0x080001a3   Thumb Code     0  startup_stm32f103xb.o(.text)
    TAMPER_IRQHandler                        0x080001a3   Thumb Code     0  startup_stm32f103xb.o(.text)
    TIM1_BRK_IRQHandler                      0x080001a3   Thumb Code     0  startup_stm32f103xb.o(.text)
    TIM1_CC_IRQHandler                       0x080001a3   Thumb Code     0  startup_stm32f103xb.o(.text)
    TIM1_TRG_COM_IRQHandler                  0x080001a3   Thumb Code     0  startup_stm32f103xb.o(.text)
    TIM2_IRQHandler                          0x080001a3   Thumb Code     0  startup_stm32f103xb.o(.text)
    TIM3_IRQHandler                          0x080001a3   Thumb Code     0  startup_stm32f103xb.o(.text)
    TIM4_IRQHandler                          0x080001a3   Thumb Code     0  startup_stm32f103xb.o(.text)
    USART2_IRQHandler                        0x080001a3   Thumb Code     0  startup_stm32f103xb.o(.text)
    USART3_IRQHandler                        0x080001a3   Thumb Code     0  startup_stm32f103xb.o(.text)
    USBWakeUp_IRQHandler                     0x080001a3   Thumb Code     0  startup_stm32f103xb.o(.text)
    USB_HP_CAN1_TX_IRQHandler                0x080001a3   Thumb Code     0  startup_stm32f103xb.o(.text)
    USB_LP_CAN1_RX0_IRQHandler               0x080001a3   Thumb Code     0  startup_stm32f103xb.o(.text)
    WWDG_IRQHandler                          0x080001a3   Thumb Code     0  startup_stm32f103xb.o(.text)
    __user_initial_stackheap                 0x080001a5   Thumb Code     0  startup_stm32f103xb.o(.text)
    __aeabi_memcpy                           0x080001c9   Thumb Code     0  rt_memcpy_v6.o(.text)
    __rt_memcpy                              0x080001c9   Thumb Code   138  rt_memcpy_v6.o(.text)
    _memcpy_lastbytes                        0x0800022f   Thumb Code     0  rt_memcpy_v6.o(.text)
    __aeabi_memset4                          0x08000253   Thumb Code    16  aeabi_memset4.o(.text)
    __aeabi_memset8                          0x08000253   Thumb Code     0  aeabi_memset4.o(.text)
    __aeabi_memclr                           0x08000263   Thumb Code     0  rt_memclr.o(.text)
    __rt_memclr                              0x08000263   Thumb Code    68  rt_memclr.o(.text)
    _memset                                  0x08000267   Thumb Code     0  rt_memclr.o(.text)
    __aeabi_memclr4                          0x080002a7   Thumb Code     0  rt_memclr_w.o(.text)
    __aeabi_memclr8                          0x080002a7   Thumb Code     0  rt_memclr_w.o(.text)
    __rt_memclr_w                            0x080002a7   Thumb Code    78  rt_memclr_w.o(.text)
    _memset_w                                0x080002ab   Thumb Code     0  rt_memclr_w.o(.text)
    __use_two_region_memory                  0x080002f5   Thumb Code     2  heapauxi.o(.text)
    __rt_heap_escrow$2region                 0x080002f7   Thumb Code     2  heapauxi.o(.text)
    __rt_heap_expand$2region                 0x080002f9   Thumb Code     2  heapauxi.o(.text)
    __aeabi_memcpy4                          0x080002fb   Thumb Code     0  rt_memcpy_w.o(.text)
    __aeabi_memcpy8                          0x080002fb   Thumb Code     0  rt_memcpy_w.o(.text)
    __rt_memcpy_w                            0x080002fb   Thumb Code   100  rt_memcpy_w.o(.text)
    _memcpy_lastbytes_aligned                0x08000343   Thumb Code     0  rt_memcpy_w.o(.text)
    __user_setup_stackheap                   0x0800035f   Thumb Code    74  sys_stackheap_outer.o(.text)
    exit                                     0x080003a9   Thumb Code    18  exit.o(.text)
    __user_libspace                          0x080003bd   Thumb Code     8  libspace.o(.text)
    __user_perproc_libspace                  0x080003bd   Thumb Code     0  libspace.o(.text)
    __user_perthread_libspace                0x080003bd   Thumb Code     0  libspace.o(.text)
    _sys_exit                                0x080003c5   Thumb Code     8  sys_exit.o(.text)
    __I$use$semihosting                      0x080003d1   Thumb Code     0  use_no_semi.o(.text)
    __use_no_semihosting_swi                 0x080003d1   Thumb Code     2  use_no_semi.o(.text)
    __semihosting_library_function           0x080003d3   Thumb Code     0  indicate_semi.o(.text)
    BusFault_Handler                         0x080003d5   Thumb Code     2  stm32f1xx_it.o(.text.BusFault_Handler)
    DMA1_Channel5_IRQHandler                 0x080003d9   Thumb Code    16  stm32f1xx_it.o(.text.DMA1_Channel5_IRQHandler)
    DebugMon_Handler                         0x080003e9   Thumb Code     2  stm32f1xx_it.o(.text.DebugMon_Handler)
    ECUAL_NRF_Distable_ACK                   0x080003ed   Thumb Code    12  nrf.o(.text.ECUAL_NRF_Distable_ACK)
    ECUAL_NRF_TX_Transmit                    0x080003f9   Thumb Code    30  nrf.o(.text.ECUAL_NRF_TX_Transmit)
    ECUAL_NRF_Tx_Init                        0x08000419   Thumb Code    88  nrf.o(.text.ECUAL_NRF_Tx_Init)
    ECUAL_NRF_chech_pwr                      0x08000471   Thumb Code    14  nrf.o(.text.ECUAL_NRF_chech_pwr)
    ECUAL_NRF_chech_tx                       0x08000481   Thumb Code    22  nrf.o(.text.ECUAL_NRF_chech_tx)
    ECUAL_NRF_clear_max_rt                   0x08000499   Thumb Code    18  nrf.o(.text.ECUAL_NRF_clear_max_rt)
    ECUAL_NRF_clear_tx_ds                    0x080004ad   Thumb Code    18  nrf.o(.text.ECUAL_NRF_clear_tx_ds)
    ECUAL_NRF_flush_rx_fifo                  0x080004c1   Thumb Code    52  nrf.o(.text.ECUAL_NRF_flush_rx_fifo)
    ECUAL_NRF_flush_tx_fifo                  0x080004f5   Thumb Code    52  nrf.o(.text.ECUAL_NRF_flush_tx_fifo)
    ECUAL_NRF_get_status                     0x08000529   Thumb Code    56  nrf.o(.text.ECUAL_NRF_get_status)
    ECUAL_NRF_power_up                       0x08000561   Thumb Code    20  nrf.o(.text.ECUAL_NRF_power_up)
    ECUAL_NRF_ptx_mode                       0x08000575   Thumb Code    20  nrf.o(.text.ECUAL_NRF_ptx_mode)
    ECUAL_NRF_reset                          0x08000589   Thumb Code   164  nrf.o(.text.ECUAL_NRF_reset)
    ECUAL_NRF_setRetries                     0x0800062d   Thumb Code    20  nrf.o(.text.ECUAL_NRF_setRetries)
    ECUAL_NRF_set_address_widths             0x08000641   Thumb Code    14  nrf.o(.text.ECUAL_NRF_set_address_widths)
    ECUAL_NRF_set_crc_length                 0x08000651   Thumb Code    38  nrf.o(.text.ECUAL_NRF_set_crc_length)
    ECUAL_NRF_set_rf_air_data_rate           0x08000679   Thumb Code    38  nrf.o(.text.ECUAL_NRF_set_rf_air_data_rate)
    ECUAL_NRF_set_rf_channel                 0x080006a1   Thumb Code    12  nrf.o(.text.ECUAL_NRF_set_rf_channel)
    ECUAL_NRF_set_rf_tx_output_power         0x080006ad   Thumb Code    28  nrf.o(.text.ECUAL_NRF_set_rf_tx_output_power)
    ECUAL_NRF_tx_irq                         0x080006c9   Thumb Code    32  nrf.o(.text.ECUAL_NRF_tx_irq)
    ECUAL_NRF_write_tx_fifo                  0x080006e9   Thumb Code    74  nrf.o(.text.ECUAL_NRF_write_tx_fifo)
    Error_Handler                            0x08000735   Thumb Code    10  main.o(.text.Error_Handler)
    HAL_CAN_ConfigFilter                     0x08000741   Thumb Code   232  stm32f1xx_hal_can.o(.text.HAL_CAN_ConfigFilter)
    HAL_CAN_GetRxMessage                     0x08000829   Thumb Code   296  stm32f1xx_hal_can.o(.text.HAL_CAN_GetRxMessage)
    HAL_CAN_Init                             0x08000951   Thumb Code   256  stm32f1xx_hal_can.o(.text.HAL_CAN_Init)
    HAL_CAN_MspInit                          0x08000a51   Thumb Code   158  can.o(.text.HAL_CAN_MspInit)
    HAL_CAN_Start                            0x08000af1   Thumb Code    90  stm32f1xx_hal_can.o(.text.HAL_CAN_Start)
    HAL_DMA_Abort                            0x08000b4d   Thumb Code    64  stm32f1xx_hal_dma.o(.text.HAL_DMA_Abort)
    HAL_DMA_Abort_IT                         0x08000b8d   Thumb Code   174  stm32f1xx_hal_dma.o(.text.HAL_DMA_Abort_IT)
    HAL_DMA_IRQHandler                       0x08000c3d   Thumb Code   386  stm32f1xx_hal_dma.o(.text.HAL_DMA_IRQHandler)
    HAL_DMA_Init                             0x08000dc1   Thumb Code   136  stm32f1xx_hal_dma.o(.text.HAL_DMA_Init)
    HAL_GPIO_Init                            0x08000e49   Thumb Code   540  stm32f1xx_hal_gpio.o(.text.HAL_GPIO_Init)
    HAL_GPIO_WritePin                        0x08001065   Thumb Code    10  stm32f1xx_hal_gpio.o(.text.HAL_GPIO_WritePin)
    HAL_GetTick                              0x08001071   Thumb Code    12  stm32f1xx_hal.o(.text.HAL_GetTick)
    HAL_IncTick                              0x0800107d   Thumb Code    26  stm32f1xx_hal.o(.text.HAL_IncTick)
    HAL_Init                                 0x08001099   Thumb Code    38  stm32f1xx_hal.o(.text.HAL_Init)
    HAL_InitTick                             0x080010c1   Thumb Code   162  stm32f1xx_hal_timebase_tim.o(.text.HAL_InitTick)
    HAL_MspInit                              0x08001165   Thumb Code    66  stm32f1xx_hal_msp.o(.text.HAL_MspInit)
    HAL_NVIC_EnableIRQ                       0x080011a9   Thumb Code     8  stm32f1xx_hal_cortex.o(.text.HAL_NVIC_EnableIRQ)
    HAL_NVIC_SetPriority                     0x080011b1   Thumb Code    30  stm32f1xx_hal_cortex.o(.text.HAL_NVIC_SetPriority)
    HAL_NVIC_SetPriorityGrouping             0x080011d1   Thumb Code     8  stm32f1xx_hal_cortex.o(.text.HAL_NVIC_SetPriorityGrouping)
    HAL_RCC_ClockConfig                      0x080011d9   Thumb Code   366  stm32f1xx_hal_rcc.o(.text.HAL_RCC_ClockConfig)
    HAL_RCC_GetClockConfig                   0x08001349   Thumb Code    66  stm32f1xx_hal_rcc.o(.text.HAL_RCC_GetClockConfig)
    HAL_RCC_GetHCLKFreq                      0x0800138d   Thumb Code    12  stm32f1xx_hal_rcc.o(.text.HAL_RCC_GetHCLKFreq)
    HAL_RCC_GetPCLK1Freq                     0x08001399   Thumb Code    34  stm32f1xx_hal_rcc.o(.text.HAL_RCC_GetPCLK1Freq)
    HAL_RCC_GetPCLK2Freq                     0x080013bd   Thumb Code    34  stm32f1xx_hal_rcc.o(.text.HAL_RCC_GetPCLK2Freq)
    HAL_RCC_GetSysClockFreq                  0x080013e1   Thumb Code    96  stm32f1xx_hal_rcc.o(.text.HAL_RCC_GetSysClockFreq)
    HAL_RCC_OscConfig                        0x08001441   Thumb Code   788  stm32f1xx_hal_rcc.o(.text.HAL_RCC_OscConfig)
    HAL_SPI_Init                             0x08001755   Thumb Code   172  stm32f1xx_hal_spi.o(.text.HAL_SPI_Init)
    HAL_SPI_MspInit                          0x08001801   Thumb Code   122  spi.o(.text.HAL_SPI_MspInit)
    HAL_SPI_Receive                          0x0800187d   Thumb Code   342  stm32f1xx_hal_spi.o(.text.HAL_SPI_Receive)
    HAL_SPI_Transmit                         0x080019d5   Thumb Code   386  stm32f1xx_hal_spi.o(.text.HAL_SPI_Transmit)
    HAL_SPI_TransmitReceive                  0x08001b59   Thumb Code   494  stm32f1xx_hal_spi.o(.text.HAL_SPI_TransmitReceive)
    HAL_TIMEx_BreakCallback                  0x08001d49   Thumb Code     2  stm32f1xx_hal_tim_ex.o(.text.HAL_TIMEx_BreakCallback)
    HAL_TIMEx_CommutCallback                 0x08001d4d   Thumb Code     2  stm32f1xx_hal_tim_ex.o(.text.HAL_TIMEx_CommutCallback)
    HAL_TIM_Base_Init                        0x08001d51   Thumb Code    90  stm32f1xx_hal_tim.o(.text.HAL_TIM_Base_Init)
    HAL_TIM_Base_MspInit                     0x08001dad   Thumb Code     2  stm32f1xx_hal_tim.o(.text.HAL_TIM_Base_MspInit)
    HAL_TIM_Base_Start_IT                    0x08001db1   Thumb Code   102  stm32f1xx_hal_tim.o(.text.HAL_TIM_Base_Start_IT)
    HAL_TIM_IC_CaptureCallback               0x08001e19   Thumb Code     2  stm32f1xx_hal_tim.o(.text.HAL_TIM_IC_CaptureCallback)
    HAL_TIM_IRQHandler                       0x08001e1d   Thumb Code   362  stm32f1xx_hal_tim.o(.text.HAL_TIM_IRQHandler)
    HAL_TIM_OC_DelayElapsedCallback          0x08001f89   Thumb Code     2  stm32f1xx_hal_tim.o(.text.HAL_TIM_OC_DelayElapsedCallback)
    HAL_TIM_PWM_PulseFinishedCallback        0x08001f8d   Thumb Code     2  stm32f1xx_hal_tim.o(.text.HAL_TIM_PWM_PulseFinishedCallback)
    HAL_TIM_PeriodElapsedCallback            0x08001f91   Thumb Code    22  main.o(.text.HAL_TIM_PeriodElapsedCallback)
    HAL_TIM_TriggerCallback                  0x08001fa9   Thumb Code     2  stm32f1xx_hal_tim.o(.text.HAL_TIM_TriggerCallback)
    HAL_UARTEx_RxEventCallback               0x08001fad   Thumb Code     2  stm32f1xx_hal_uart.o(.text.HAL_UARTEx_RxEventCallback)
    HAL_UART_ErrorCallback                   0x08001fb1   Thumb Code     2  stm32f1xx_hal_uart.o(.text.HAL_UART_ErrorCallback)
    HAL_UART_IRQHandler                      0x08001fb5   Thumb Code   594  stm32f1xx_hal_uart.o(.text.HAL_UART_IRQHandler)
    HAL_UART_Init                            0x08002209   Thumb Code    96  stm32f1xx_hal_uart.o(.text.HAL_UART_Init)
    HAL_UART_MspInit                         0x08002269   Thumb Code   200  usart.o(.text.HAL_UART_MspInit)
    HAL_UART_RxCpltCallback                  0x08002331   Thumb Code     2  stm32f1xx_hal_uart.o(.text.HAL_UART_RxCpltCallback)
    HAL_UART_TxCpltCallback                  0x08002335   Thumb Code     2  stm32f1xx_hal_uart.o(.text.HAL_UART_TxCpltCallback)
    HardFault_Handler                        0x08002339   Thumb Code     2  stm32f1xx_it.o(.text.HardFault_Handler)
    MX_CAN_Init                              0x0800233d   Thumb Code   100  can.o(.text.MX_CAN_Init)
    MX_DMA_Init                              0x080023a1   Thumb Code    50  dma.o(.text.MX_DMA_Init)
    MX_GPIO_Init                             0x080023d5   Thumb Code   210  gpio.o(.text.MX_GPIO_Init)
    MX_SPI1_Init                             0x080024a9   Thumb Code    72  spi.o(.text.MX_SPI1_Init)
    MX_USART1_UART_Init                      0x080024f1   Thumb Code    56  usart.o(.text.MX_USART1_UART_Init)
    MemManage_Handler                        0x08002529   Thumb Code     2  stm32f1xx_it.o(.text.MemManage_Handler)
    NMI_Handler                              0x0800252d   Thumb Code     2  stm32f1xx_it.o(.text.NMI_Handler)
    PendSV_Handler                           0x080025b1   Thumb Code    68  port.o(.text.PendSV_Handler)
    SVC_Handler                              0x08002851   Thumb Code    36  port.o(.text.SVC_Handler)
    SysTick_Handler                          0x08002875   Thumb Code    46  port.o(.text.SysTick_Handler)
    SystemClock_Config                       0x080028a5   Thumb Code    96  main.o(.text.SystemClock_Config)
    SystemInit                               0x08002905   Thumb Code     2  system_stm32f1xx.o(.text.SystemInit)
    TIM1_UP_IRQHandler                       0x08002909   Thumb Code    16  stm32f1xx_it.o(.text.TIM1_UP_IRQHandler)
    TIM_Base_SetConfig                       0x08002919   Thumb Code   138  stm32f1xx_hal_tim.o(.text.TIM_Base_SetConfig)
    USART1_IRQHandler                        0x08002bc9   Thumb Code    16  stm32f1xx_it.o(.text.USART1_IRQHandler)
    UsageFault_Handler                       0x08002bd9   Thumb Code     2  stm32f1xx_it.o(.text.UsageFault_Handler)
    main                                     0x08002c51   Thumb Code   232  main.o(.text.main)
    pvPortMalloc                             0x08003555   Thumb Code   106  heap_1.o(.text.pvPortMalloc)
    pxPortInitialiseStack                    0x080035c1   Thumb Code    32  port.o(.text.pxPortInitialiseStack)
    uxListRemove                             0x080035e1   Thumb Code    40  list.o(.text.uxListRemove)
    vListInitialise                          0x08003609   Thumb Code    22  list.o(.text.vListInitialise)
    vListInitialiseItem                      0x08003621   Thumb Code     6  list.o(.text.vListInitialiseItem)
    vListInsert                              0x08003629   Thumb Code    58  list.o(.text.vListInsert)
    vListInsertEnd                           0x08003665   Thumb Code    28  list.o(.text.vListInsertEnd)
    vPortEnterCritical                       0x08003681   Thumb Code    32  port.o(.text.vPortEnterCritical)
    vPortExitCritical                        0x080036a1   Thumb Code    26  port.o(.text.vPortExitCritical)
    vPortFree                                0x080036bd   Thumb Code     2  heap_1.o(.text.vPortFree)
    vPortSetupTimerInterrupt                 0x080036c1   Thumb Code    30  port.o(.text.vPortSetupTimerInterrupt)
    vQueueWaitForMessageRestricted           0x080036e1   Thumb Code    68  queue.o(.text.vQueueWaitForMessageRestricted)
    vTX_CAN_RX_TaskHandler                   0x08003725   Thumb Code   116  main.o(.text.vTX_CAN_RX_TaskHandler)
    vTX_NRF_Init_TaskHandler                 0x08003799   Thumb Code    50  main.o(.text.vTX_NRF_Init_TaskHandler)
    vTX_NRF_State_TaskHandler                0x080037cd   Thumb Code    44  main.o(.text.vTX_NRF_State_TaskHandler)
    vTX_NRF_TaskHandler                      0x080037f9   Thumb Code    50  main.o(.text.vTX_NRF_TaskHandler)
    vTaskDelay                               0x0800382d   Thumb Code    52  tasks.o(.text.vTaskDelay)
    vTaskDelete                              0x08003861   Thumb Code   214  tasks.o(.text.vTaskDelete)
    vTaskInternalSetTimeOutState             0x08003939   Thumb Code    26  tasks.o(.text.vTaskInternalSetTimeOutState)
    vTaskMissedYield                         0x08003955   Thumb Code    14  tasks.o(.text.vTaskMissedYield)
    vTaskPlaceOnEventList                    0x08003965   Thumb Code    30  tasks.o(.text.vTaskPlaceOnEventList)
    vTaskPlaceOnEventListRestricted          0x08003985   Thumb Code    90  tasks.o(.text.vTaskPlaceOnEventListRestricted)
    vTaskStartScheduler                      0x080039e1   Thumb Code   132  tasks.o(.text.vTaskStartScheduler)
    vTaskSuspendAll                          0x08003a65   Thumb Code    16  tasks.o(.text.vTaskSuspendAll)
    vTaskSwitchContext                       0x08003a75   Thumb Code   108  tasks.o(.text.vTaskSwitchContext)
    xPortStartScheduler                      0x08003ae1   Thumb Code    58  port.o(.text.xPortStartScheduler)
    xQueueGenericCreate                      0x08003b1d   Thumb Code    76  queue.o(.text.xQueueGenericCreate)
    xQueueGenericReset                       0x08003b69   Thumb Code   128  queue.o(.text.xQueueGenericReset)
    xQueueGenericSend                        0x08003be9   Thumb Code   310  queue.o(.text.xQueueGenericSend)
    xQueueReceive                            0x08003d21   Thumb Code   296  queue.o(.text.xQueueReceive)
    xTaskCheckForTimeOut                     0x08003e49   Thumb Code    96  tasks.o(.text.xTaskCheckForTimeOut)
    xTaskCreate                              0x08003ea9   Thumb Code   102  tasks.o(.text.xTaskCreate)
    xTaskGetTickCount                        0x08003f11   Thumb Code    12  tasks.o(.text.xTaskGetTickCount)
    xTaskIncrementTick                       0x08003f1d   Thumb Code   406  tasks.o(.text.xTaskIncrementTick)
    xTaskPriorityDisinherit                  0x080040b5   Thumb Code   142  tasks.o(.text.xTaskPriorityDisinherit)
    xTaskRemoveFromEventList                 0x08004145   Thumb Code   226  tasks.o(.text.xTaskRemoveFromEventList)
    xTaskResumeAll                           0x08004229   Thumb Code   344  tasks.o(.text.xTaskResumeAll)
    xTimerCreateTimerTask                    0x08004381   Thumb Code    76  timers.o(.text.xTimerCreateTimerTask)
    AHBPrescTable                            0x080043cc   Data          16  system_stm32f1xx.o(.rodata.AHBPrescTable)
    APBPrescTable                            0x080043dc   Data           8  system_stm32f1xx.o(.rodata.APBPrescTable)
    uxTopUsedPriority                        0x080043f0   Data           4  tasks.o(.rodata.uxTopUsedPriority)
    Region$$Table$$Base                      0x080043f4   Number         0  anon$$obj.o(Region$$Table)
    Region$$Table$$Limit                     0x08004414   Number         0  anon$$obj.o(Region$$Table)
    SystemCoreClock                          0x20000000   Data           4  system_stm32f1xx.o(.data.SystemCoreClock)
    comm_address                             0x20000004   Data           5  main.o(.data.comm_address)
    uwTickFreq                               0x20000009   Data           1  stm32f1xx_hal.o(.data.uwTickFreq)
    uwTickPrio                               0x2000000c   Data           4  stm32f1xx_hal.o(.data.uwTickPrio)
    __libspace_start                         0x20000018   Data          96  libspace.o(.bss)
    RxData                                   0x20000078   Data           8  main.o(.bss.RxData)
    __temporary_stack_top$libspace           0x20000078   Data           0  libspace.o(.bss)
    RxHeader                                 0x20000080   Data          28  main.o(.bss.RxHeader)
    TX_Message_S                             0x2000009c   Data          10  main.o(.bss.TX_Message_S)
    hcan                                     0x200000a8   Data          40  can.o(.bss.hcan)
    hdma_usart1_rx                           0x200000d0   Data          68  usart.o(.bss.hdma_usart1_rx)
    hspi1                                    0x20000114   Data          88  spi.o(.bss.hspi1)
    htim1                                    0x2000016c   Data          72  stm32f1xx_hal_timebase_tim.o(.bss.htim1)
    huart1                                   0x200001b4   Data          72  usart.o(.bss.huart1)
    pxCurrentTCB                             0x20000204   Data           4  tasks.o(.bss.pxCurrentTCB)
    tx_cfg                                   0x20000344   Data          12  main.o(.bss.tx_cfg)
    uwTick                                   0x20004750   Data           4  stm32f1xx_hal.o(.bss.uwTick)
    xCAN_QueueHandle                         0x20004790   Data           4  main.o(.bss.xCAN_QueueHandle)
    xTX_CAN_RX_TaskHandle                    0x200047fc   Data           4  main.o(.bss.xTX_CAN_RX_TaskHandle)
    xTX_NRF_Init_TaskHandle                  0x20004800   Data           4  main.o(.bss.xTX_NRF_Init_TaskHandle)
    xTX_NRF_State_TaskHandle                 0x20004804   Data           4  main.o(.bss.xTX_NRF_State_TaskHandle)
    xTX_NRF_TaskHandle                       0x20004808   Data           4  main.o(.bss.xTX_NRF_TaskHandle)



==============================================================================

Memory Map of the image

  Image Entry point : 0x080000ed

  Load Region LR_IROM1 (Base: 0x08000000, Size: 0x00004430, Max: 0x00010000, ABSOLUTE)

    Execution Region ER_IROM1 (Exec base: 0x08000000, Load base: 0x08000000, Size: 0x00004414, Max: 0x00010000, ABSOLUTE)

    Exec Addr    Load Addr    Size         Type   Attr      Idx    E Section Name        Object

    0x08000000   0x08000000   0x000000ec   Data   RO            3    RESET               startup_stm32f103xb.o
    0x080000ec   0x080000ec   0x00000008   Code   RO         1926  * !!!main             c_w.l(__main.o)
    0x080000f4   0x080000f4   0x00000034   Code   RO         2091    !!!scatter          c_w.l(__scatter.o)
    0x08000128   0x08000128   0x0000001a   Code   RO         2093    !!handler_copy      c_w.l(__scatter_copy.o)
    0x08000142   0x08000142   0x00000002   PAD
    0x08000144   0x08000144   0x0000001c   Code   RO         2095    !!handler_zi        c_w.l(__scatter_zi.o)
    0x08000160   0x08000160   0x00000002   Code   RO         1955    .ARM.Collect$$libinit$$00000000  c_w.l(libinit.o)
    0x08000162   0x08000162   0x00000000   Code   RO         1962    .ARM.Collect$$libinit$$00000002  c_w.l(libinit2.o)
    0x08000162   0x08000162   0x00000000   Code   RO         1964    .ARM.Collect$$libinit$$00000004  c_w.l(libinit2.o)
    0x08000162   0x08000162   0x00000000   Code   RO         1967    .ARM.Collect$$libinit$$0000000A  c_w.l(libinit2.o)
    0x08000162   0x08000162   0x00000000   Code   RO         1969    .ARM.Collect$$libinit$$0000000C  c_w.l(libinit2.o)
    0x08000162   0x08000162   0x00000000   Code   RO         1971    .ARM.Collect$$libinit$$0000000E  c_w.l(libinit2.o)
    0x08000162   0x08000162   0x00000000   Code   RO         1974    .ARM.Collect$$libinit$$00000011  c_w.l(libinit2.o)
    0x08000162   0x08000162   0x00000000   Code   RO         1976    .ARM.Collect$$libinit$$00000013  c_w.l(libinit2.o)
    0x08000162   0x08000162   0x00000000   Code   RO         1978    .ARM.Collect$$libinit$$00000015  c_w.l(libinit2.o)
    0x08000162   0x08000162   0x00000000   Code   RO         1980    .ARM.Collect$$libinit$$00000017  c_w.l(libinit2.o)
    0x08000162   0x08000162   0x00000000   Code   RO         1982    .ARM.Collect$$libinit$$00000019  c_w.l(libinit2.o)
    0x08000162   0x08000162   0x00000000   Code   RO         1984    .ARM.Collect$$libinit$$0000001B  c_w.l(libinit2.o)
    0x08000162   0x08000162   0x00000000   Code   RO         1986    .ARM.Collect$$libinit$$0000001D  c_w.l(libinit2.o)
    0x08000162   0x08000162   0x00000000   Code   RO         1988    .ARM.Collect$$libinit$$0000001F  c_w.l(libinit2.o)
    0x08000162   0x08000162   0x00000000   Code   RO         1990    .ARM.Collect$$libinit$$00000021  c_w.l(libinit2.o)
    0x08000162   0x08000162   0x00000000   Code   RO         1992    .ARM.Collect$$libinit$$00000023  c_w.l(libinit2.o)
    0x08000162   0x08000162   0x00000000   Code   RO         1994    .ARM.Collect$$libinit$$00000025  c_w.l(libinit2.o)
    0x08000162   0x08000162   0x00000000   Code   RO         1998    .ARM.Collect$$libinit$$0000002C  c_w.l(libinit2.o)
    0x08000162   0x08000162   0x00000000   Code   RO         2000    .ARM.Collect$$libinit$$0000002E  c_w.l(libinit2.o)
    0x08000162   0x08000162   0x00000000   Code   RO         2002    .ARM.Collect$$libinit$$00000030  c_w.l(libinit2.o)
    0x08000162   0x08000162   0x00000000   Code   RO         2004    .ARM.Collect$$libinit$$00000032  c_w.l(libinit2.o)
    0x08000162   0x08000162   0x00000002   Code   RO         2005    .ARM.Collect$$libinit$$00000033  c_w.l(libinit2.o)
    0x08000164   0x08000164   0x00000002   Code   RO         2027    .ARM.Collect$$libshutdown$$00000000  c_w.l(libshutdown.o)
    0x08000166   0x08000166   0x00000000   Code   RO         2042    .ARM.Collect$$libshutdown$$00000002  c_w.l(libshutdown2.o)
    0x08000166   0x08000166   0x00000000   Code   RO         2044    .ARM.Collect$$libshutdown$$00000004  c_w.l(libshutdown2.o)
    0x08000166   0x08000166   0x00000000   Code   RO         2047    .ARM.Collect$$libshutdown$$00000007  c_w.l(libshutdown2.o)
    0x08000166   0x08000166   0x00000000   Code   RO         2050    .ARM.Collect$$libshutdown$$0000000A  c_w.l(libshutdown2.o)
    0x08000166   0x08000166   0x00000000   Code   RO         2052    .ARM.Collect$$libshutdown$$0000000C  c_w.l(libshutdown2.o)
    0x08000166   0x08000166   0x00000000   Code   RO         2055    .ARM.Collect$$libshutdown$$0000000F  c_w.l(libshutdown2.o)
    0x08000166   0x08000166   0x00000002   Code   RO         2056    .ARM.Collect$$libshutdown$$00000010  c_w.l(libshutdown2.o)
    0x08000168   0x08000168   0x00000000   Code   RO         1928    .ARM.Collect$$rtentry$$00000000  c_w.l(__rtentry.o)
    0x08000168   0x08000168   0x00000000   Code   RO         1932    .ARM.Collect$$rtentry$$00000002  c_w.l(__rtentry2.o)
    0x08000168   0x08000168   0x00000006   Code   RO         1944    .ARM.Collect$$rtentry$$00000004  c_w.l(__rtentry4.o)
    0x0800016e   0x0800016e   0x00000000   Code   RO         1934    .ARM.Collect$$rtentry$$00000009  c_w.l(__rtentry2.o)
    0x0800016e   0x0800016e   0x00000004   Code   RO         1935    .ARM.Collect$$rtentry$$0000000A  c_w.l(__rtentry2.o)
    0x08000172   0x08000172   0x00000000   Code   RO         1937    .ARM.Collect$$rtentry$$0000000C  c_w.l(__rtentry2.o)
    0x08000172   0x08000172   0x00000008   Code   RO         1938    .ARM.Collect$$rtentry$$0000000D  c_w.l(__rtentry2.o)
    0x0800017a   0x0800017a   0x00000002   Code   RO         1959    .ARM.Collect$$rtexit$$00000000  c_w.l(rtexit.o)
    0x0800017c   0x0800017c   0x00000000   Code   RO         2007    .ARM.Collect$$rtexit$$00000002  c_w.l(rtexit2.o)
    0x0800017c   0x0800017c   0x00000004   Code   RO         2008    .ARM.Collect$$rtexit$$00000003  c_w.l(rtexit2.o)
    0x08000180   0x08000180   0x00000006   Code   RO         2009    .ARM.Collect$$rtexit$$00000004  c_w.l(rtexit2.o)
    0x08000186   0x08000186   0x00000002   PAD
    0x08000188   0x08000188   0x00000040   Code   RO            4    .text               startup_stm32f103xb.o
    0x080001c8   0x080001c8   0x0000008a   Code   RO         1916    .text               c_w.l(rt_memcpy_v6.o)
    0x08000252   0x08000252   0x00000010   Code   RO         1918    .text               c_w.l(aeabi_memset4.o)
    0x08000262   0x08000262   0x00000044   Code   RO         1920    .text               c_w.l(rt_memclr.o)
    0x080002a6   0x080002a6   0x0000004e   Code   RO         1922    .text               c_w.l(rt_memclr_w.o)
    0x080002f4   0x080002f4   0x00000006   Code   RO         1924    .text               c_w.l(heapauxi.o)
    0x080002fa   0x080002fa   0x00000064   Code   RO         1929    .text               c_w.l(rt_memcpy_w.o)
    0x0800035e   0x0800035e   0x0000004a   Code   RO         1946    .text               c_w.l(sys_stackheap_outer.o)
    0x080003a8   0x080003a8   0x00000012   Code   RO         1948    .text               c_w.l(exit.o)
    0x080003ba   0x080003ba   0x00000002   PAD
    0x080003bc   0x080003bc   0x00000008   Code   RO         1956    .text               c_w.l(libspace.o)
    0x080003c4   0x080003c4   0x0000000c   Code   RO         2017    .text               c_w.l(sys_exit.o)
    0x080003d0   0x080003d0   0x00000002   Code   RO         2032    .text               c_w.l(use_no_semi.o)
    0x080003d2   0x080003d2   0x00000000   Code   RO         2034    .text               c_w.l(indicate_semi.o)
    0x080003d2   0x080003d2   0x00000002   PAD
    0x080003d4   0x080003d4   0x00000002   Code   RO          125    .text.BusFault_Handler  stm32f1xx_it.o
    0x080003d6   0x080003d6   0x00000002   PAD
    0x080003d8   0x080003d8   0x00000010   Code   RO          131    .text.DMA1_Channel5_IRQHandler  stm32f1xx_it.o
    0x080003e8   0x080003e8   0x00000002   Code   RO          129    .text.DebugMon_Handler  stm32f1xx_it.o
    0x080003ea   0x080003ea   0x00000002   PAD
    0x080003ec   0x080003ec   0x0000000c   Code   RO         1349    .text.ECUAL_NRF_Distable_ACK  nrf.o
    0x080003f8   0x080003f8   0x0000001e   Code   RO         1375    .text.ECUAL_NRF_TX_Transmit  nrf.o
    0x08000416   0x08000416   0x00000002   PAD
    0x08000418   0x08000418   0x00000058   Code   RO         1361    .text.ECUAL_NRF_Tx_Init  nrf.o
    0x08000470   0x08000470   0x0000000e   Code   RO         1331    .text.ECUAL_NRF_chech_pwr  nrf.o
    0x0800047e   0x0800047e   0x00000002   PAD
    0x08000480   0x08000480   0x00000016   Code   RO         1335    .text.ECUAL_NRF_chech_tx  nrf.o
    0x08000496   0x08000496   0x00000002   PAD
    0x08000498   0x08000498   0x00000012   Code   RO         1381    .text.ECUAL_NRF_clear_max_rt  nrf.o
    0x080004aa   0x080004aa   0x00000002   PAD
    0x080004ac   0x080004ac   0x00000012   Code   RO         1389    .text.ECUAL_NRF_clear_tx_ds  nrf.o
    0x080004be   0x080004be   0x00000002   PAD
    0x080004c0   0x080004c0   0x00000034   Code   RO         1383    .text.ECUAL_NRF_flush_rx_fifo  nrf.o
    0x080004f4   0x080004f4   0x00000034   Code   RO         1379    .text.ECUAL_NRF_flush_tx_fifo  nrf.o
    0x08000528   0x08000528   0x00000038   Code   RO         1367    .text.ECUAL_NRF_get_status  nrf.o
    0x08000560   0x08000560   0x00000014   Code   RO         1323    .text.ECUAL_NRF_power_up  nrf.o
    0x08000574   0x08000574   0x00000014   Code   RO         1363    .text.ECUAL_NRF_ptx_mode  nrf.o
    0x08000588   0x08000588   0x000000a4   Code   RO         1339    .text.ECUAL_NRF_reset  nrf.o
    0x0800062c   0x0800062c   0x00000014   Code   RO         1359    .text.ECUAL_NRF_setRetries  nrf.o
    0x08000640   0x08000640   0x0000000e   Code   RO         1343    .text.ECUAL_NRF_set_address_widths  nrf.o
    0x0800064e   0x0800064e   0x00000002   PAD
    0x08000650   0x08000650   0x00000026   Code   RO         1357    .text.ECUAL_NRF_set_crc_length  nrf.o
    0x08000676   0x08000676   0x00000002   PAD
    0x08000678   0x08000678   0x00000026   Code   RO         1353    .text.ECUAL_NRF_set_rf_air_data_rate  nrf.o
    0x0800069e   0x0800069e   0x00000002   PAD
    0x080006a0   0x080006a0   0x0000000c   Code   RO         1351    .text.ECUAL_NRF_set_rf_channel  nrf.o
    0x080006ac   0x080006ac   0x0000001c   Code   RO         1355    .text.ECUAL_NRF_set_rf_tx_output_power  nrf.o
    0x080006c8   0x080006c8   0x00000020   Code   RO         1391    .text.ECUAL_NRF_tx_irq  nrf.o
    0x080006e8   0x080006e8   0x0000004a   Code   RO         1377    .text.ECUAL_NRF_write_tx_fifo  nrf.o
    0x08000732   0x08000732   0x00000002   PAD
    0x08000734   0x08000734   0x0000000a   Code   RO           23    .text.Error_Handler  main.o
    0x0800073e   0x0800073e   0x00000002   PAD
    0x08000740   0x08000740   0x000000e8   Code   RO          192    .text.HAL_CAN_ConfigFilter  stm32f1xx_hal_can.o
    0x08000828   0x08000828   0x00000128   Code   RO          212    .text.HAL_CAN_GetRxMessage  stm32f1xx_hal_can.o
    0x08000950   0x08000950   0x00000100   Code   RO          182    .text.HAL_CAN_Init  stm32f1xx_hal_can.o
    0x08000a50   0x08000a50   0x0000009e   Code   RO           66    .text.HAL_CAN_MspInit  can.o
    0x08000aee   0x08000aee   0x00000002   PAD
    0x08000af0   0x08000af0   0x0000005a   Code   RO          194    .text.HAL_CAN_Start  stm32f1xx_hal_can.o
    0x08000b4a   0x08000b4a   0x00000002   PAD
    0x08000b4c   0x08000b4c   0x00000040   Code   RO          409    .text.HAL_DMA_Abort  stm32f1xx_hal_dma.o
    0x08000b8c   0x08000b8c   0x000000ae   Code   RO          411    .text.HAL_DMA_Abort_IT  stm32f1xx_hal_dma.o
    0x08000c3a   0x08000c3a   0x00000002   PAD
    0x08000c3c   0x08000c3c   0x00000182   Code   RO          415    .text.HAL_DMA_IRQHandler  stm32f1xx_hal_dma.o
    0x08000dbe   0x08000dbe   0x00000002   PAD
    0x08000dc0   0x08000dc0   0x00000088   Code   RO          399    .text.HAL_DMA_Init  stm32f1xx_hal_dma.o
    0x08000e48   0x08000e48   0x0000021c   Code   RO          375    .text.HAL_GPIO_Init  stm32f1xx_hal_gpio.o
    0x08001064   0x08001064   0x0000000a   Code   RO          381    .text.HAL_GPIO_WritePin  stm32f1xx_hal_gpio.o
    0x0800106e   0x0800106e   0x00000002   PAD
    0x08001070   0x08001070   0x0000000c   Code   RO          274    .text.HAL_GetTick   stm32f1xx_hal.o
    0x0800107c   0x0800107c   0x0000001a   Code   RO          272    .text.HAL_IncTick   stm32f1xx_hal.o
    0x08001096   0x08001096   0x00000002   PAD
    0x08001098   0x08001098   0x00000026   Code   RO          262    .text.HAL_Init      stm32f1xx_hal.o
    0x080010be   0x080010be   0x00000002   PAD
    0x080010c0   0x080010c0   0x000000a2   Code   RO          153    .text.HAL_InitTick  stm32f1xx_hal_timebase_tim.o
    0x08001162   0x08001162   0x00000002   PAD
    0x08001164   0x08001164   0x00000042   Code   RO          144    .text.HAL_MspInit   stm32f1xx_hal_msp.o
    0x080011a6   0x080011a6   0x00000002   PAD
    0x080011a8   0x080011a8   0x00000008   Code   RO          445    .text.HAL_NVIC_EnableIRQ  stm32f1xx_hal_cortex.o
    0x080011b0   0x080011b0   0x0000001e   Code   RO          437    .text.HAL_NVIC_SetPriority  stm32f1xx_hal_cortex.o
    0x080011ce   0x080011ce   0x00000002   PAD
    0x080011d0   0x080011d0   0x00000008   Code   RO          433    .text.HAL_NVIC_SetPriorityGrouping  stm32f1xx_hal_cortex.o
    0x080011d8   0x080011d8   0x0000016e   Code   RO          329    .text.HAL_RCC_ClockConfig  stm32f1xx_hal_rcc.o
    0x08001346   0x08001346   0x00000002   PAD
    0x08001348   0x08001348   0x00000042   Code   RO          347    .text.HAL_RCC_GetClockConfig  stm32f1xx_hal_rcc.o
    0x0800138a   0x0800138a   0x00000002   PAD
    0x0800138c   0x0800138c   0x0000000c   Code   RO          339    .text.HAL_RCC_GetHCLKFreq  stm32f1xx_hal_rcc.o
    0x08001398   0x08001398   0x00000022   Code   RO          341    .text.HAL_RCC_GetPCLK1Freq  stm32f1xx_hal_rcc.o
    0x080013ba   0x080013ba   0x00000002   PAD
    0x080013bc   0x080013bc   0x00000022   Code   RO          343    .text.HAL_RCC_GetPCLK2Freq  stm32f1xx_hal_rcc.o
    0x080013de   0x080013de   0x00000002   PAD
    0x080013e0   0x080013e0   0x00000060   Code   RO          331    .text.HAL_RCC_GetSysClockFreq  stm32f1xx_hal_rcc.o
    0x08001440   0x08001440   0x00000314   Code   RO          325    .text.HAL_RCC_OscConfig  stm32f1xx_hal_rcc.o
    0x08001754   0x08001754   0x000000ac   Code   RO          646    .text.HAL_SPI_Init  stm32f1xx_hal_spi.o
    0x08001800   0x08001800   0x0000007a   Code   RO           90    .text.HAL_SPI_MspInit  spi.o
    0x0800187a   0x0800187a   0x00000002   PAD
    0x0800187c   0x0800187c   0x00000156   Code   RO          658    .text.HAL_SPI_Receive  stm32f1xx_hal_spi.o
    0x080019d2   0x080019d2   0x00000002   PAD
    0x080019d4   0x080019d4   0x00000182   Code   RO          654    .text.HAL_SPI_Transmit  stm32f1xx_hal_spi.o
    0x08001b56   0x08001b56   0x00000002   PAD
    0x08001b58   0x08001b58   0x000001ee   Code   RO          660    .text.HAL_SPI_TransmitReceive  stm32f1xx_hal_spi.o
    0x08001d46   0x08001d46   0x00000002   PAD
    0x08001d48   0x08001d48   0x00000002   Code   RO         1088    .text.HAL_TIMEx_BreakCallback  stm32f1xx_hal_tim_ex.o
    0x08001d4a   0x08001d4a   0x00000002   PAD
    0x08001d4c   0x08001d4c   0x00000002   Code   RO         1084    .text.HAL_TIMEx_CommutCallback  stm32f1xx_hal_tim_ex.o
    0x08001d4e   0x08001d4e   0x00000002   PAD
    0x08001d50   0x08001d50   0x0000005a   Code   RO          764    .text.HAL_TIM_Base_Init  stm32f1xx_hal_tim.o
    0x08001daa   0x08001daa   0x00000002   PAD
    0x08001dac   0x08001dac   0x00000002   Code   RO          766    .text.HAL_TIM_Base_MspInit  stm32f1xx_hal_tim.o
    0x08001dae   0x08001dae   0x00000002   PAD
    0x08001db0   0x08001db0   0x00000066   Code   RO          778    .text.HAL_TIM_Base_Start_IT  stm32f1xx_hal_tim.o
    0x08001e16   0x08001e16   0x00000002   PAD
    0x08001e18   0x08001e18   0x00000002   Code   RO          900    .text.HAL_TIM_IC_CaptureCallback  stm32f1xx_hal_tim.o
    0x08001e1a   0x08001e1a   0x00000002   PAD
    0x08001e1c   0x08001e1c   0x0000016a   Code   RO          898    .text.HAL_TIM_IRQHandler  stm32f1xx_hal_tim.o
    0x08001f86   0x08001f86   0x00000002   PAD
    0x08001f88   0x08001f88   0x00000002   Code   RO          902    .text.HAL_TIM_OC_DelayElapsedCallback  stm32f1xx_hal_tim.o
    0x08001f8a   0x08001f8a   0x00000002   PAD
    0x08001f8c   0x08001f8c   0x00000002   Code   RO          904    .text.HAL_TIM_PWM_PulseFinishedCallback  stm32f1xx_hal_tim.o
    0x08001f8e   0x08001f8e   0x00000002   PAD
    0x08001f90   0x08001f90   0x00000016   Code   RO           25    .text.HAL_TIM_PeriodElapsedCallback  main.o
    0x08001fa6   0x08001fa6   0x00000002   PAD
    0x08001fa8   0x08001fa8   0x00000002   Code   RO          908    .text.HAL_TIM_TriggerCallback  stm32f1xx_hal_tim.o
    0x08001faa   0x08001faa   0x00000002   PAD
    0x08001fac   0x08001fac   0x00000002   Code   RO         1194    .text.HAL_UARTEx_RxEventCallback  stm32f1xx_hal_uart.o
    0x08001fae   0x08001fae   0x00000002   PAD
    0x08001fb0   0x08001fb0   0x00000002   Code   RO         1192    .text.HAL_UART_ErrorCallback  stm32f1xx_hal_uart.o
    0x08001fb2   0x08001fb2   0x00000002   PAD
    0x08001fb4   0x08001fb4   0x00000252   Code   RO         1186    .text.HAL_UART_IRQHandler  stm32f1xx_hal_uart.o
    0x08002206   0x08002206   0x00000002   PAD
    0x08002208   0x08002208   0x00000060   Code   RO         1102    .text.HAL_UART_Init  stm32f1xx_hal_uart.o
    0x08002268   0x08002268   0x000000c8   Code   RO          105    .text.HAL_UART_MspInit  usart.o
    0x08002330   0x08002330   0x00000002   Code   RO         1204    .text.HAL_UART_RxCpltCallback  stm32f1xx_hal_uart.o
    0x08002332   0x08002332   0x00000002   PAD
    0x08002334   0x08002334   0x00000002   Code   RO         1200    .text.HAL_UART_TxCpltCallback  stm32f1xx_hal_uart.o
    0x08002336   0x08002336   0x00000002   PAD
    0x08002338   0x08002338   0x00000002   Code   RO          121    .text.HardFault_Handler  stm32f1xx_it.o
    0x0800233a   0x0800233a   0x00000002   PAD
    0x0800233c   0x0800233c   0x00000064   Code   RO           64    .text.MX_CAN_Init   can.o
    0x080023a0   0x080023a0   0x00000032   Code   RO           79    .text.MX_DMA_Init   dma.o
    0x080023d2   0x080023d2   0x00000002   PAD
    0x080023d4   0x080023d4   0x000000d2   Code   RO           55    .text.MX_GPIO_Init  gpio.o
    0x080024a6   0x080024a6   0x00000002   PAD
    0x080024a8   0x080024a8   0x00000048   Code   RO           88    .text.MX_SPI1_Init  spi.o
    0x080024f0   0x080024f0   0x00000038   Code   RO          103    .text.MX_USART1_UART_Init  usart.o
    0x08002528   0x08002528   0x00000002   Code   RO          123    .text.MemManage_Handler  stm32f1xx_it.o
    0x0800252a   0x0800252a   0x00000002   PAD
    0x0800252c   0x0800252c   0x00000002   Code   RO          119    .text.NMI_Handler   stm32f1xx_it.o
    0x0800252e   0x0800252e   0x00000002   PAD
    0x08002530   0x08002530   0x0000002c   Code   RO          443    .text.NVIC_EncodePriority  stm32f1xx_hal_cortex.o
    0x0800255c   0x0800255c   0x00000014   Code   RO         1405    .text.PIN_RESET_CE  nrf.o
    0x08002570   0x08002570   0x00000014   Code   RO         1401    .text.PIN_RESET_CS  nrf.o
    0x08002584   0x08002584   0x00000014   Code   RO         1399    .text.PIN_SET_CE    nrf.o
    0x08002598   0x08002598   0x00000014   Code   RO         1403    .text.PIN_SET_CS    nrf.o
    0x080025ac   0x080025ac   0x00000004   PAD
    0x080025b0   0x080025b0   0x00000044   Code   RO         1831    .text.PendSV_Handler  port.o
    0x080025f4   0x080025f4   0x0000002c   Code   RO          327    .text.RCC_Delay     stm32f1xx_hal_rcc.o
    0x08002620   0x08002620   0x00000046   Code   RO         1325    .text.REG_READ      nrf.o
    0x08002666   0x08002666   0x00000002   PAD
    0x08002668   0x08002668   0x0000004a   Code   RO         1327    .text.REG_WRITE     nrf.o
    0x080026b2   0x080026b2   0x00000002   PAD
    0x080026b4   0x080026b4   0x00000046   Code   RO         1345    .text.REG_WRITE_V   nrf.o
    0x080026fa   0x080026fa   0x00000002   PAD
    0x080026fc   0x080026fc   0x00000060   Code   RO          662    .text.SPI_EndRxTransaction  stm32f1xx_hal_spi.o
    0x0800275c   0x0800275c   0x00000022   Code   RO          656    .text.SPI_EndRxTxTransaction  stm32f1xx_hal_spi.o
    0x0800277e   0x0800277e   0x00000002   PAD
    0x08002780   0x08002780   0x000000ce   Code   RO          754    .text.SPI_WaitFlagStateUntilTimeout  stm32f1xx_hal_spi.o
    0x0800284e   0x0800284e   0x00000002   PAD
    0x08002850   0x08002850   0x00000024   Code   RO         1817    .text.SVC_Handler   port.o
    0x08002874   0x08002874   0x0000002e   Code   RO         1833    .text.SysTick_Handler  port.o
    0x080028a2   0x080028a2   0x00000002   PAD
    0x080028a4   0x080028a4   0x00000060   Code   RO           13    .text.SystemClock_Config  main.o
    0x08002904   0x08002904   0x00000002   Code   RO         1234    .text.SystemInit    system_stm32f1xx.o
    0x08002906   0x08002906   0x00000002   PAD
    0x08002908   0x08002908   0x00000010   Code   RO          133    .text.TIM1_UP_IRQHandler  stm32f1xx_it.o
    0x08002918   0x08002918   0x0000008a   Code   RO          768    .text.TIM_Base_SetConfig  stm32f1xx_hal_tim.o
    0x080029a2   0x080029a2   0x00000002   PAD
    0x080029a4   0x080029a4   0x00000010   Code   RO         1190    .text.UART_DMAAbortOnError  stm32f1xx_hal_uart.o
    0x080029b4   0x080029b4   0x00000050   Code   RO         1150    .text.UART_EndRxTransfer  stm32f1xx_hal_uart.o
    0x08002a04   0x08002a04   0x00000018   Code   RO         1198    .text.UART_EndTransmit_IT  stm32f1xx_hal_uart.o
    0x08002a1c   0x08002a1c   0x000000c8   Code   RO         1188    .text.UART_Receive_IT  stm32f1xx_hal_uart.o
    0x08002ae4   0x08002ae4   0x0000008e   Code   RO         1106    .text.UART_SetConfig  stm32f1xx_hal_uart.o
    0x08002b72   0x08002b72   0x00000002   PAD
    0x08002b74   0x08002b74   0x00000052   Code   RO         1196    .text.UART_Transmit_IT  stm32f1xx_hal_uart.o
    0x08002bc6   0x08002bc6   0x00000002   PAD
    0x08002bc8   0x08002bc8   0x00000010   Code   RO          135    .text.USART1_IRQHandler  stm32f1xx_it.o
    0x08002bd8   0x08002bd8   0x00000002   Code   RO          127    .text.UsageFault_Handler  stm32f1xx_it.o
    0x08002bda   0x08002bda   0x00000002   PAD
    0x08002bdc   0x08002bdc   0x00000020   Code   RO          447    .text.__NVIC_EnableIRQ  stm32f1xx_hal_cortex.o
    0x08002bfc   0x08002bfc   0x00000010   Code   RO          439    .text.__NVIC_GetPriorityGrouping  stm32f1xx_hal_cortex.o
    0x08002c0c   0x08002c0c   0x00000022   Code   RO          441    .text.__NVIC_SetPriority  stm32f1xx_hal_cortex.o
    0x08002c2e   0x08002c2e   0x00000002   PAD
    0x08002c30   0x08002c30   0x00000020   Code   RO          435    .text.__NVIC_SetPriorityGrouping  stm32f1xx_hal_cortex.o
    0x08002c50   0x08002c50   0x000000e8   Code   RO           11    .text.main          main.o
    0x08002d38   0x08002d38   0x000000be   Code   RO         1608    .text.prvAddCurrentTaskToDelayedList  tasks.o
    0x08002df6   0x08002df6   0x00000002   PAD
    0x08002df8   0x08002df8   0x000000ce   Code   RO         1596    .text.prvAddNewTaskToReadyList  tasks.o
    0x08002ec6   0x08002ec6   0x00000002   PAD
    0x08002ec8   0x08002ec8   0x0000005a   Code   RO         1744    .text.prvCheckForValidListAndQueue  timers.o
    0x08002f22   0x08002f22   0x00000002   PAD
    0x08002f24   0x08002f24   0x0000004e   Code   RO         1710    .text.prvCheckTasksWaitingTermination  tasks.o
    0x08002f72   0x08002f72   0x00000002   PAD
    0x08002f74   0x08002f74   0x00000026   Code   RO         1494    .text.prvCopyDataFromQueue  queue.o
    0x08002f9a   0x08002f9a   0x00000002   PAD
    0x08002f9c   0x08002f9c   0x0000007a   Code   RO         1482    .text.prvCopyDataToQueue  queue.o
    0x08003016   0x08003016   0x00000002   PAD
    0x08003018   0x08003018   0x00000012   Code   RO         1602    .text.prvDeleteTCB  tasks.o
    0x0800302a   0x0800302a   0x00000002   PAD
    0x0800302c   0x0800302c   0x00000020   Code   RO         1782    .text.prvGetNextExpireTime  timers.o
    0x0800304c   0x0800304c   0x0000002a   Code   RO         1634    .text.prvIdleTask   tasks.o
    0x08003076   0x08003076   0x00000002   PAD
    0x08003078   0x08003078   0x00000020   Code   RO         1474    .text.prvInitialiseNewQueue  queue.o
    0x08003098   0x08003098   0x00000086   Code   RO         1594    .text.prvInitialiseNewTask  tasks.o
    0x0800311e   0x0800311e   0x00000002   PAD
    0x08003120   0x08003120   0x00000070   Code   RO         1708    .text.prvInitialiseTaskLists  tasks.o
    0x08003190   0x08003190   0x00000040   Code   RO         1796    .text.prvInsertTimerInActiveList  timers.o
    0x080031d0   0x080031d0   0x00000018   Code   RO         1496    .text.prvIsQueueEmpty  queue.o
    0x080031e8   0x080031e8   0x0000001c   Code   RO         1484    .text.prvIsQueueFull  queue.o
    0x08003204   0x08003204   0x00000020   Code   RO         1823    .text.prvPortStartFirstTask  port.o
    0x08003224   0x08003224   0x0000003e   Code   RO         1790    .text.prvProcessExpiredTimer  timers.o
    0x08003262   0x08003262   0x00000002   PAD
    0x08003264   0x08003264   0x000000fa   Code   RO         1786    .text.prvProcessReceivedCommands  timers.o
    0x0800335e   0x0800335e   0x00000002   PAD
    0x08003360   0x08003360   0x00000080   Code   RO         1784    .text.prvProcessTimerOrBlockTask  timers.o
    0x080033e0   0x080033e0   0x0000003a   Code   RO         1794    .text.prvReloadTimer  timers.o
    0x0800341a   0x0800341a   0x00000002   PAD
    0x0800341c   0x0800341c   0x00000026   Code   RO         1600    .text.prvResetNextTaskUnblockTime  tasks.o
    0x08003442   0x08003442   0x00000002   PAD
    0x08003444   0x08003444   0x0000002a   Code   RO         1788    .text.prvSampleTimeNow  timers.o
    0x0800346e   0x0800346e   0x00000002   PAD
    0x08003470   0x08003470   0x00000034   Code   RO         1792    .text.prvSwitchTimerLists  timers.o
    0x080034a4   0x080034a4   0x00000022   Code   RO         1815    .text.prvTaskExitError  port.o
    0x080034c6   0x080034c6   0x00000002   PAD
    0x080034c8   0x080034c8   0x00000016   Code   RO         1746    .text.prvTimerTask  timers.o
    0x080034de   0x080034de   0x00000002   PAD
    0x080034e0   0x080034e0   0x00000072   Code   RO         1486    .text.prvUnlockQueue  queue.o
    0x08003552   0x08003552   0x00000002   PAD
    0x08003554   0x08003554   0x0000006a   Code   RO         1844    .text.pvPortMalloc  heap_1.o
    0x080035be   0x080035be   0x00000002   PAD
    0x080035c0   0x080035c0   0x00000020   Code   RO         1813    .text.pxPortInitialiseStack  port.o
    0x080035e0   0x080035e0   0x00000028   Code   RO         1460    .text.uxListRemove  list.o
    0x08003608   0x08003608   0x00000016   Code   RO         1452    .text.vListInitialise  list.o
    0x0800361e   0x0800361e   0x00000002   PAD
    0x08003620   0x08003620   0x00000006   Code   RO         1454    .text.vListInitialiseItem  list.o
    0x08003626   0x08003626   0x00000002   PAD
    0x08003628   0x08003628   0x0000003a   Code   RO         1458    .text.vListInsert   list.o
    0x08003662   0x08003662   0x00000002   PAD
    0x08003664   0x08003664   0x0000001c   Code   RO         1456    .text.vListInsertEnd  list.o
    0x08003680   0x08003680   0x00000020   Code   RO         1827    .text.vPortEnterCritical  port.o
    0x080036a0   0x080036a0   0x0000001a   Code   RO         1829    .text.vPortExitCritical  port.o
    0x080036ba   0x080036ba   0x00000002   PAD
    0x080036bc   0x080036bc   0x00000002   Code   RO         1846    .text.vPortFree     heap_1.o
    0x080036be   0x080036be   0x00000002   PAD
    0x080036c0   0x080036c0   0x0000001e   Code   RO         1821    .text.vPortSetupTimerInterrupt  port.o
    0x080036de   0x080036de   0x00000002   PAD
    0x080036e0   0x080036e0   0x00000044   Code   RO         1526    .text.vQueueWaitForMessageRestricted  queue.o
    0x08003724   0x08003724   0x00000074   Code   RO           19    .text.vTX_CAN_RX_TaskHandler  main.o
    0x08003798   0x08003798   0x00000032   Code   RO           17    .text.vTX_NRF_Init_TaskHandler  main.o
    0x080037ca   0x080037ca   0x00000002   PAD
    0x080037cc   0x080037cc   0x0000002c   Code   RO           21    .text.vTX_NRF_State_TaskHandler  main.o
    0x080037f8   0x080037f8   0x00000032   Code   RO           15    .text.vTX_NRF_TaskHandler  main.o
    0x0800382a   0x0800382a   0x00000002   PAD
    0x0800382c   0x0800382c   0x00000034   Code   RO         1612    .text.vTaskDelay    tasks.o
    0x08003860   0x08003860   0x000000d6   Code   RO         1598    .text.vTaskDelete   tasks.o
    0x08003936   0x08003936   0x00000002   PAD
    0x08003938   0x08003938   0x0000001a   Code   RO         1666    .text.vTaskInternalSetTimeOutState  tasks.o
    0x08003952   0x08003952   0x00000002   PAD
    0x08003954   0x08003954   0x0000000e   Code   RO         1670    .text.vTaskMissedYield  tasks.o
    0x08003962   0x08003962   0x00000002   PAD
    0x08003964   0x08003964   0x0000001e   Code   RO         1654    .text.vTaskPlaceOnEventList  tasks.o
    0x08003982   0x08003982   0x00000002   PAD
    0x08003984   0x08003984   0x0000005a   Code   RO         1658    .text.vTaskPlaceOnEventListRestricted  tasks.o
    0x080039de   0x080039de   0x00000002   PAD
    0x080039e0   0x080039e0   0x00000084   Code   RO         1632    .text.vTaskStartScheduler  tasks.o
    0x08003a64   0x08003a64   0x00000010   Code   RO         1606    .text.vTaskSuspendAll  tasks.o
    0x08003a74   0x08003a74   0x0000006c   Code   RO         1624    .text.vTaskSwitchContext  tasks.o
    0x08003ae0   0x08003ae0   0x0000003a   Code   RO         1819    .text.xPortStartScheduler  port.o
    0x08003b1a   0x08003b1a   0x00000002   PAD
    0x08003b1c   0x08003b1c   0x0000004c   Code   RO         1472    .text.xQueueGenericCreate  queue.o
    0x08003b68   0x08003b68   0x00000080   Code   RO         1470    .text.xQueueGenericReset  queue.o
    0x08003be8   0x08003be8   0x00000136   Code   RO         1480    .text.xQueueGenericSend  queue.o
    0x08003d1e   0x08003d1e   0x00000002   PAD
    0x08003d20   0x08003d20   0x00000128   Code   RO         1492    .text.xQueueReceive  queue.o
    0x08003e48   0x08003e48   0x00000060   Code   RO         1668    .text.xTaskCheckForTimeOut  tasks.o
    0x08003ea8   0x08003ea8   0x00000066   Code   RO         1592    .text.xTaskCreate   tasks.o
    0x08003f0e   0x08003f0e   0x00000002   PAD
    0x08003f10   0x08003f10   0x0000000c   Code   RO         1640    .text.xTaskGetTickCount  tasks.o
    0x08003f1c   0x08003f1c   0x00000196   Code   RO         1638    .text.xTaskIncrementTick  tasks.o
    0x080040b2   0x080040b2   0x00000002   PAD
    0x080040b4   0x080040b4   0x0000008e   Code   RO         1686    .text.xTaskPriorityDisinherit  tasks.o
    0x08004142   0x08004142   0x00000002   PAD
    0x08004144   0x08004144   0x000000e2   Code   RO         1660    .text.xTaskRemoveFromEventList  tasks.o
    0x08004226   0x08004226   0x00000002   PAD
    0x08004228   0x08004228   0x00000158   Code   RO         1610    .text.xTaskResumeAll  tasks.o
    0x08004380   0x08004380   0x0000004c   Code   RO         1742    .text.xTimerCreateTimerTask  timers.o
    0x080043cc   0x080043cc   0x00000010   Data   RO         1239    .rodata.AHBPrescTable  system_stm32f1xx.o
    0x080043dc   0x080043dc   0x00000008   Data   RO         1240    .rodata.APBPrescTable  system_stm32f1xx.o
    0x080043e4   0x080043e4   0x0000000c   Data   RO           36    .rodata.str1.1      main.o
    0x080043f0   0x080043f0   0x00000004   Data   RO         1713    .rodata.uxTopUsedPriority  tasks.o
    0x080043f4   0x080043f4   0x00000020   Data   RO         2090    Region$$Table       anon$$obj.o


    Execution Region RW_IRAM1 (Exec base: 0x20000000, Load base: 0x08004418, Size: 0x00004e30, Max: 0x00005000, ABSOLUTE)

    Exec Addr    Load Addr    Size         Type   Attr      Idx    E Section Name        Object

    0x20000000   0x08004418   0x00000004   Data   RW         1238    .data.SystemCoreClock  system_stm32f1xx.o
    0x20000004   0x0800441c   0x00000005   Data   RW           27    .data.comm_address  main.o
    0x20000009   0x08004421   0x00000001   Data   RW          313    .data.uwTickFreq    stm32f1xx_hal.o
    0x2000000a   0x08004422   0x00000002   PAD
    0x2000000c   0x08004424   0x00000004   Data   RW          312    .data.uwTickPrio    stm32f1xx_hal.o
    0x20000010   0x08004428   0x00000004   Data   RW         1835    .data.uxCriticalNesting  port.o
    0x20000014   0x0800442c   0x00000004   PAD
    0x20000018        -       0x00000060   Zero   RW         1957    .bss                c_w.l(libspace.o)
    0x20000078        -       0x00000008   Zero   RW           40    .bss.RxData         main.o
    0x20000080        -       0x0000001c   Zero   RW           39    .bss.RxHeader       main.o
    0x2000009c        -       0x0000000a   Zero   RW           41    .bss.TX_Message_S   main.o
    0x200000a6   0x0800442c   0x00000002   PAD
    0x200000a8        -       0x00000028   Zero   RW           70    .bss.hcan           can.o
    0x200000d0        -       0x00000044   Zero   RW          110    .bss.hdma_usart1_rx  usart.o
    0x20000114        -       0x00000058   Zero   RW           94    .bss.hspi1          spi.o
    0x2000016c        -       0x00000048   Zero   RW          159    .bss.htim1          stm32f1xx_hal_timebase_tim.o
    0x200001b4        -       0x00000048   Zero   RW          109    .bss.huart1         usart.o
    0x200001fc        -       0x00000004   Zero   RW         1802    .bss.prvSampleTimeNow.xLastTime  timers.o
    0x20000200        -       0x00000004   Zero   RW         1852    .bss.pvPortMalloc.pucAlignedHeap  heap_1.o
    0x20000204        -       0x00000004   Zero   RW         1712    .bss.pxCurrentTCB   tasks.o
    0x20000208        -       0x00000004   Zero   RW         1800    .bss.pxCurrentTimerList  timers.o
    0x2000020c        -       0x00000004   Zero   RW         1722    .bss.pxDelayedTaskList  tasks.o
    0x20000210        -       0x00000004   Zero   RW         1723    .bss.pxOverflowDelayedTaskList  tasks.o
    0x20000214        -       0x00000004   Zero   RW         1801    .bss.pxOverflowTimerList  timers.o
    0x20000218        -       0x0000012c   Zero   RW         1714    .bss.pxReadyTasksLists  tasks.o
    0x20000344        -       0x0000000c   Zero   RW           38    .bss.tx_cfg         main.o
    0x20000350        -       0x00004400   Zero   RW         1853    .bss.ucHeap         heap_1.o
    0x20004750        -       0x00000004   Zero   RW          314    .bss.uwTick         stm32f1xx_hal.o
    0x20004754        -       0x00000004   Zero   RW         1719    .bss.uxCurrentNumberOfTasks  tasks.o
    0x20004758        -       0x00000004   Zero   RW         1718    .bss.uxDeletedTasksWaitingCleanUp  tasks.o
    0x2000475c        -       0x00000004   Zero   RW         1725    .bss.uxSchedulerSuspended  tasks.o
    0x20004760        -       0x00000004   Zero   RW         1716    .bss.uxTaskNumber   tasks.o
    0x20004764        -       0x00000004   Zero   RW         1715    .bss.uxTopReadyPriority  tasks.o
    0x20004768        -       0x00000014   Zero   RW         1803    .bss.xActiveTimerList1  timers.o
    0x2000477c        -       0x00000014   Zero   RW         1804    .bss.xActiveTimerList2  timers.o
    0x20004790        -       0x00000004   Zero   RW           37    .bss.xCAN_QueueHandle  main.o
    0x20004794        -       0x00000014   Zero   RW         1732    .bss.xDelayedTaskList1  tasks.o
    0x200047a8        -       0x00000014   Zero   RW         1733    .bss.xDelayedTaskList2  tasks.o
    0x200047bc        -       0x00000004   Zero   RW         1728    .bss.xIdleTaskHandle  tasks.o
    0x200047c0        -       0x00000004   Zero   RW         1854    .bss.xNextFreeByte  heap_1.o
    0x200047c4        -       0x00000004   Zero   RW         1729    .bss.xNextTaskUnblockTime  tasks.o
    0x200047c8        -       0x00000004   Zero   RW         1731    .bss.xNumOfOverflows  tasks.o
    0x200047cc        -       0x00000004   Zero   RW         1730    .bss.xPendedTicks   tasks.o
    0x200047d0        -       0x00000014   Zero   RW         1727    .bss.xPendingReadyList  tasks.o
    0x200047e4        -       0x00000004   Zero   RW         1720    .bss.xSchedulerRunning  tasks.o
    0x200047e8        -       0x00000014   Zero   RW         1724    .bss.xSuspendedTaskList  tasks.o
    0x200047fc        -       0x00000004   Zero   RW           33    .bss.xTX_CAN_RX_TaskHandle  main.o
    0x20004800        -       0x00000004   Zero   RW           34    .bss.xTX_NRF_Init_TaskHandle  main.o
    0x20004804        -       0x00000004   Zero   RW           35    .bss.xTX_NRF_State_TaskHandle  main.o
    0x20004808        -       0x00000004   Zero   RW           32    .bss.xTX_NRF_TaskHandle  main.o
    0x2000480c        -       0x00000014   Zero   RW         1717    .bss.xTasksWaitingTermination  tasks.o
    0x20004820        -       0x00000004   Zero   RW         1721    .bss.xTickCount     tasks.o
    0x20004824        -       0x00000004   Zero   RW         1798    .bss.xTimerQueue    timers.o
    0x20004828        -       0x00000004   Zero   RW         1799    .bss.xTimerTaskHandle  timers.o
    0x2000482c        -       0x00000004   Zero   RW         1726    .bss.xYieldPending  tasks.o
    0x20004830        -       0x00000200   Zero   RW            2    HEAP                startup_stm32f103xb.o
    0x20004a30        -       0x00000400   Zero   RW            1    STACK               startup_stm32f103xb.o


==============================================================================

Image component sizes


      Code (inc. data)   RO Data    RW Data    ZI Data      Debug   Object Name

       258          0          0          0         40       4207   can.o
        50          0          0          0          0       1994   dma.o
       210          0          0          0          0       1569   gpio.o
       108          0          0          0      17416       1491   heap_1.o
       154          0          0          0          0       2172   list.o
       620         28         12          5         78       7514   main.o
      1116          0          0          0          0      10423   nrf.o
       394         12          0          4          0       2687   port.o
      1236          0          0          0          0      15402   queue.o
       194          0          0          0         88       4106   spi.o
        64         26        236          0       1536        784   startup_stm32f103xb.o
        76          0          0          5          4       5726   stm32f1xx_hal.o
       874          0          0          0          0      12451   stm32f1xx_hal_can.o
       204          0          0          0          0       8335   stm32f1xx_hal_cortex.o
       760          0          0          0          0       7137   stm32f1xx_hal_dma.o
       550         20          0          0          0       4616   stm32f1xx_hal_gpio.o
        66          0          0          0          0       1183   stm32f1xx_hal_msp.o
      1440         20          0          0          0       7004   stm32f1xx_hal_rcc.o
      1730          0          0          0          0      20882   stm32f1xx_hal_spi.o
       702          0          0          0          0      41875   stm32f1xx_hal_tim.o
         4          0          0          0          0      17882   stm32f1xx_hal_tim_ex.o
       162          0          0          0         72       5743   stm32f1xx_hal_timebase_tim.o
      1242          0          0          0          0      23925   stm32f1xx_hal_uart.o
        60          0          0          0          0       1062   stm32f1xx_it.o
         2          0         24          4          0       1588   system_stm32f1xx.o
      2828          8          4          0        460      27779   tasks.o
       876         18          0          0         60      11021   timers.o
       256          0          0          0        140       5322   usart.o

    ----------------------------------------------------------------------
     16440        132        308         20      19900     255880   Object Totals
         0          0         32          0          0          0   (incl. Generated)
       204          0          0          2          6          0   (incl. Padding)

    ----------------------------------------------------------------------

      Code (inc. data)   RO Data    RW Data    ZI Data      Debug   Library Member Name

         8          0          0          0          0         68   __main.o
         0          0          0          0          0          0   __rtentry.o
        12          0          0          0          0          0   __rtentry2.o
         6          0          0          0          0          0   __rtentry4.o
        52          8          0          0          0          0   __scatter.o
        26          0          0          0          0          0   __scatter_copy.o
        28          0          0          0          0          0   __scatter_zi.o
        16          0          0          0          0         68   aeabi_memset4.o
        18          0          0          0          0         80   exit.o
         6          0          0          0          0        152   heapauxi.o
         0          0          0          0          0          0   indicate_semi.o
         2          0          0          0          0          0   libinit.o
         2          0          0          0          0          0   libinit2.o
         2          0          0          0          0          0   libshutdown.o
         2          0          0          0          0          0   libshutdown2.o
         8          4          0          0         96         68   libspace.o
        68          0          0          0          0         68   rt_memclr.o
        78          0          0          0          0         80   rt_memclr_w.o
       138          0          0          0          0         68   rt_memcpy_v6.o
       100          0          0          0          0         80   rt_memcpy_w.o
         2          0          0          0          0          0   rtexit.o
        10          0          0          0          0          0   rtexit2.o
        12          4          0          0          0         68   sys_exit.o
        74          0          0          0          0         80   sys_stackheap_outer.o
         2          0          0          0          0         68   use_no_semi.o

    ----------------------------------------------------------------------
       680         16          0          0         96        948   Library Totals
         8          0          0          0          0          0   (incl. Padding)

    ----------------------------------------------------------------------

      Code (inc. data)   RO Data    RW Data    ZI Data      Debug   Library Name

       672         16          0          0         96        948   c_w.l

    ----------------------------------------------------------------------
       680         16          0          0         96        948   Library Totals

    ----------------------------------------------------------------------

==============================================================================


      Code (inc. data)   RO Data    RW Data    ZI Data      Debug   

     17120        148        308         20      19996     256044   Grand Totals
     17120        148        308         20      19996     256044   ELF Image Totals
     17120        148        308         20          0          0   ROM Totals

==============================================================================

    Total RO  Size (Code + RO Data)                17428 (  17.02kB)
    Total RW  Size (RW Data + ZI Data)             20016 (  19.55kB)
    Total ROM Size (Code + RO Data + RW Data)      17448 (  17.04kB)

==============================================================================

